Component: Arm Compiler for Embedded 6.21 Tool: armlink [5ec1fa00]

==============================================================================

Section Cross References

    main.o(.ARM.exidx.text.main) refers to main.o(.text.main) for [Anonymous Symbol]
    event_groups.o(.text.xEventGroupCreateStatic) refers to list.o(.text.vListInitialise) for vListInitialise
    event_groups.o(.ARM.exidx.text.xEventGroupCreateStatic) refers to event_groups.o(.text.xEventGroupCreateStatic) for [Anonymous Symbol]
    event_groups.o(.text.xEventGroupCreate) refers to heap_4.o(.text.pvPortMalloc) for pvPortMalloc
    event_groups.o(.text.xEventGroupCreate) refers to list.o(.text.vListInitialise) for vListInitialise
    event_groups.o(.ARM.exidx.text.xEventGroupCreate) refers to event_groups.o(.text.xEventGroupCreate) for [Anonymous Symbol]
    event_groups.o(.text.xEventGroupSync) refers to tasks.o(.text.vTaskSuspendAll) for vTaskSuspendAll
    event_groups.o(.text.xEventGroupSync) refers to tasks.o(.text.vTaskRemoveFromUnorderedEventList) for vTaskRemoveFromUnorderedEventList
    event_groups.o(.text.xEventGroupSync) refers to tasks.o(.text.xTaskResumeAll) for xTaskResumeAll
    event_groups.o(.text.xEventGroupSync) refers to tasks.o(.text.vTaskPlaceOnUnorderedEventList) for vTaskPlaceOnUnorderedEventList
    event_groups.o(.text.xEventGroupSync) refers to tasks.o(.text.uxTaskResetEventItemValue) for uxTaskResetEventItemValue
    event_groups.o(.text.xEventGroupSync) refers to port.o(.text.vPortEnterCritical) for vPortEnterCritical
    event_groups.o(.text.xEventGroupSync) refers to port.o(.text.vPortExitCritical) for vPortExitCritical
    event_groups.o(.ARM.exidx.text.xEventGroupSync) refers to event_groups.o(.text.xEventGroupSync) for [Anonymous Symbol]
    event_groups.o(.text.xEventGroupSetBits) refers to tasks.o(.text.vTaskSuspendAll) for vTaskSuspendAll
    event_groups.o(.text.xEventGroupSetBits) refers to tasks.o(.text.vTaskRemoveFromUnorderedEventList) for vTaskRemoveFromUnorderedEventList
    event_groups.o(.text.xEventGroupSetBits) refers to tasks.o(.text.xTaskResumeAll) for xTaskResumeAll
    event_groups.o(.ARM.exidx.text.xEventGroupSetBits) refers to event_groups.o(.text.xEventGroupSetBits) for [Anonymous Symbol]
    event_groups.o(.text.xEventGroupWaitBits) refers to tasks.o(.text.vTaskSuspendAll) for vTaskSuspendAll
    event_groups.o(.text.xEventGroupWaitBits) refers to tasks.o(.text.vTaskPlaceOnUnorderedEventList) for vTaskPlaceOnUnorderedEventList
    event_groups.o(.text.xEventGroupWaitBits) refers to tasks.o(.text.xTaskResumeAll) for xTaskResumeAll
    event_groups.o(.text.xEventGroupWaitBits) refers to tasks.o(.text.uxTaskResetEventItemValue) for uxTaskResetEventItemValue
    event_groups.o(.text.xEventGroupWaitBits) refers to port.o(.text.vPortEnterCritical) for vPortEnterCritical
    event_groups.o(.text.xEventGroupWaitBits) refers to port.o(.text.vPortExitCritical) for vPortExitCritical
    event_groups.o(.ARM.exidx.text.xEventGroupWaitBits) refers to event_groups.o(.text.xEventGroupWaitBits) for [Anonymous Symbol]
    event_groups.o(.text.xEventGroupClearBits) refers to port.o(.text.vPortEnterCritical) for vPortEnterCritical
    event_groups.o(.text.xEventGroupClearBits) refers to port.o(.text.vPortExitCritical) for vPortExitCritical
    event_groups.o(.ARM.exidx.text.xEventGroupClearBits) refers to event_groups.o(.text.xEventGroupClearBits) for [Anonymous Symbol]
    event_groups.o(.ARM.exidx.text.xEventGroupGetBitsFromISR) refers to event_groups.o(.text.xEventGroupGetBitsFromISR) for [Anonymous Symbol]
    event_groups.o(.text.vEventGroupDelete) refers to tasks.o(.text.vTaskSuspendAll) for vTaskSuspendAll
    event_groups.o(.text.vEventGroupDelete) refers to tasks.o(.text.vTaskRemoveFromUnorderedEventList) for vTaskRemoveFromUnorderedEventList
    event_groups.o(.text.vEventGroupDelete) refers to tasks.o(.text.xTaskResumeAll) for xTaskResumeAll
    event_groups.o(.text.vEventGroupDelete) refers to heap_4.o(.text.vPortFree) for vPortFree
    event_groups.o(.ARM.exidx.text.vEventGroupDelete) refers to event_groups.o(.text.vEventGroupDelete) for [Anonymous Symbol]
    event_groups.o(.ARM.exidx.text.xEventGroupGetStaticBuffer) refers to event_groups.o(.text.xEventGroupGetStaticBuffer) for [Anonymous Symbol]
    event_groups.o(.text.vEventGroupSetBitsCallback) refers to tasks.o(.text.vTaskSuspendAll) for vTaskSuspendAll
    event_groups.o(.text.vEventGroupSetBitsCallback) refers to tasks.o(.text.vTaskRemoveFromUnorderedEventList) for vTaskRemoveFromUnorderedEventList
    event_groups.o(.text.vEventGroupSetBitsCallback) refers to tasks.o(.text.xTaskResumeAll) for xTaskResumeAll
    event_groups.o(.ARM.exidx.text.vEventGroupSetBitsCallback) refers to event_groups.o(.text.vEventGroupSetBitsCallback) for [Anonymous Symbol]
    event_groups.o(.text.vEventGroupClearBitsCallback) refers to port.o(.text.vPortEnterCritical) for vPortEnterCritical
[...]
    Removing gd32f30x_rcu.o(.ARM.exidx.text.rcu_ahb_clock_config), (8 bytes).
    Removing gd32f30x_rcu.o(.text.rcu_apb1_clock_config), (20 bytes).
    Removing gd32f30x_rcu.o(.ARM.exidx.text.rcu_apb1_clock_config), (8 bytes).
    Removing gd32f30x_rcu.o(.text.rcu_apb2_clock_config), (20 bytes).
    Removing gd32f30x_rcu.o(.ARM.exidx.text.rcu_apb2_clock_config), (8 bytes).
    Removing gd32f30x_rcu.o(.text.rcu_ckout0_config), (20 bytes).
    Removing gd32f30x_rcu.o(.ARM.exidx.text.rcu_ckout0_config), (8 bytes).
    Removing gd32f30x_rcu.o(.text.rcu_pll_config), (32 bytes).
    Removing gd32f30x_rcu.o(.ARM.exidx.text.rcu_pll_config), (8 bytes).
    Removing gd32f30x_rcu.o(.text.rcu_pllpresel_config), (20 bytes).
    Removing gd32f30x_rcu.o(.ARM.exidx.text.rcu_pllpresel_config), (8 bytes).
    Removing gd32f30x_rcu.o(.text.rcu_predv0_config), (32 bytes).
    Removing gd32f30x_rcu.o(.ARM.exidx.text.rcu_predv0_config), (8 bytes).
    Removing gd32f30x_rcu.o(.text.rcu_predv1_config), (20 bytes).
    Removing gd32f30x_rcu.o(.ARM.exidx.text.rcu_predv1_config), (8 bytes).
    Removing gd32f30x_rcu.o(.text.rcu_pll1_config), (24 bytes).
    Removing gd32f30x_rcu.o(.ARM.exidx.text.rcu_pll1_config), (8 bytes).
    Removing gd32f30x_rcu.o(.text.rcu_pll2_config), (24 bytes).
    Removing gd32f30x_rcu.o(.ARM.exidx.text.rcu_pll2_config), (8 bytes).
    Removing gd32f30x_rcu.o(.text.rcu_adc_clock_config), (114 bytes).
    Removing gd32f30x_rcu.o(.ARM.exidx.text.rcu_adc_clock_config), (8 bytes).
    Removing gd32f30x_rcu.o(.text.rcu_usb_clock_config), (20 bytes).
    Removing gd32f30x_rcu.o(.ARM.exidx.text.rcu_usb_clock_config), (8 bytes).
    Removing gd32f30x_rcu.o(.text.rcu_rtc_clock_config), (20 bytes).
    Removing gd32f30x_rcu.o(.ARM.exidx.text.rcu_rtc_clock_config), (8 bytes).
    Removing gd32f30x_rcu.o(.text.rcu_i2s1_clock_config), (20 bytes).
    Removing gd32f30x_rcu.o(.ARM.exidx.text.rcu_i2s1_clock_config), (8 bytes).
    Removing gd32f30x_rcu.o(.text.rcu_i2s2_clock_config), (20 bytes).
    Removing gd32f30x_rcu.o(.ARM.exidx.text.rcu_i2s2_clock_config), (8 bytes).
    Removing gd32f30x_rcu.o(.text.rcu_ck48m_clock_config), (20 bytes).
    Removing gd32f30x_rcu.o(.ARM.exidx.text.rcu_ck48m_clock_config), (8 bytes).
    Removing gd32f30x_rcu.o(.text.rcu_lxtal_drive_capability_config), (20 bytes).
    Removing gd32f30x_rcu.o(.ARM.exidx.text.rcu_lxtal_drive_capability_config), (8 bytes).
    Removing gd32f30x_rcu.o(.text.rcu_flag_get), (26 bytes).
    Removing gd32f30x_rcu.o(.ARM.exidx.text.rcu_flag_get), (8 bytes).
    Removing gd32f30x_rcu.o(.text.rcu_osci_on), (30 bytes).
    Removing gd32f30x_rcu.o(.ARM.exidx.text.rcu_osci_on), (8 bytes).
    Removing gd32f30x_rcu.o(.text.rcu_osci_off), (32 bytes).
    Removing gd32f30x_rcu.o(.ARM.exidx.text.rcu_osci_off), (8 bytes).
    Removing gd32f30x_rcu.o(.text.rcu_osci_bypass_mode_enable), (64 bytes).
    Removing gd32f30x_rcu.o(.ARM.exidx.text.rcu_osci_bypass_mode_enable), (8 bytes).
    Removing gd32f30x_rcu.o(.text.rcu_osci_bypass_mode_disable), (64 bytes).
    Removing gd32f30x_rcu.o(.ARM.exidx.text.rcu_osci_bypass_mode_disable), (8 bytes).
    Removing gd32f30x_rcu.o(.text.rcu_irc8m_adjust_value_set), (18 bytes).
    Removing gd32f30x_rcu.o(.ARM.exidx.text.rcu_irc8m_adjust_value_set), (8 bytes).
    Removing gd32f30x_rcu.o(.text.rcu_hxtal_clock_monitor_enable), (18 bytes).
    Removing gd32f30x_rcu.o(.ARM.exidx.text.rcu_hxtal_clock_monitor_enable), (8 bytes).
    Removing gd32f30x_rcu.o(.text.rcu_hxtal_clock_monitor_disable), (18 bytes).
    Removing gd32f30x_rcu.o(.ARM.exidx.text.rcu_hxtal_clock_monitor_disable), (8 bytes).
    Removing gd32f30x_rcu.o(.text.rcu_deepsleep_voltage_set), (16 bytes).
    Removing gd32f30x_rcu.o(.ARM.exidx.text.rcu_deepsleep_voltage_set), (8 bytes).
    Removing gd32f30x_rcu.o(.text.rcu_clock_freq_get), (304 bytes).
    Removing gd32f30x_rcu.o(.ARM.exidx.text.rcu_clock_freq_get), (8 bytes).
    Removing gd32f30x_rcu.o(.text.rcu_all_reset_flag_clear), (18 bytes).
    Removing gd32f30x_rcu.o(.ARM.exidx.text.rcu_all_reset_flag_clear), (8 bytes).
    Removing gd32f30x_rcu.o(.text.rcu_interrupt_flag_get), (26 bytes).
    Removing gd32f30x_rcu.o(.ARM.exidx.text.rcu_interrupt_flag_get), (8 bytes).
    Removing gd32f30x_rcu.o(.text.rcu_interrupt_flag_clear), (30 bytes).
    Removing gd32f30x_rcu.o(.ARM.exidx.text.rcu_interrupt_flag_clear), (8 bytes).
    Removing gd32f30x_rcu.o(.text.rcu_interrupt_enable), (30 bytes).
    Removing gd32f30x_rcu.o(.ARM.exidx.text.rcu_interrupt_enable), (8 bytes).
    Removing gd32f30x_rcu.o(.text.rcu_interrupt_disable), (32 bytes).
    Removing gd32f30x_rcu.o(.ARM.exidx.text.rcu_interrupt_disable), (8 bytes).
    Removing gd32f30x_rcu.o(.rodata.cst8), (8 bytes).
    Removing gd32f30x_rtc.o(.text), (0 bytes).
    Removing gd32f30x_rtc.o(.text.rtc_interrupt_enable), (16 bytes).
    Removing gd32f30x_rtc.o(.ARM.exidx.text.rtc_interrupt_enable), (8 bytes).
    Removing gd32f30x_rtc.o(.text.rtc_interrupt_disable), (18 bytes).
    Removing gd32f30x_rtc.o(.ARM.exidx.text.rtc_interrupt_disable), (8 bytes).
    Removing gd32f30x_rtc.o(.text.rtc_configuration_mode_enter), (18 bytes).
    Removing gd32f30x_rtc.o(.ARM.exidx.text.rtc_configuration_mode_enter), (8 bytes).
    Removing gd32f30x_rtc.o(.text.rtc_configuration_mode_exit), (18 bytes).
    Removing gd32f30x_rtc.o(.ARM.exidx.text.rtc_configuration_mode_exit), (8 bytes).
    Removing gd32f30x_rtc.o(.text.rtc_lwoff_wait), (16 bytes).
    Removing gd32f30x_rtc.o(.ARM.exidx.text.rtc_lwoff_wait), (8 bytes).
    Removing gd32f30x_rtc.o(.text.rtc_register_sync_wait), (24 bytes).
    Removing gd32f30x_rtc.o(.ARM.exidx.text.rtc_register_sync_wait), (8 bytes).
    Removing gd32f30x_rtc.o(.text.rtc_counter_get), (18 bytes).
    Removing gd32f30x_rtc.o(.ARM.exidx.text.rtc_counter_get), (8 bytes).
    Removing gd32f30x_rtc.o(.text.rtc_counter_set), (34 bytes).
    Removing gd32f30x_rtc.o(.ARM.exidx.text.rtc_counter_set), (8 bytes).
    Removing gd32f30x_rtc.o(.text.rtc_prescaler_set), (36 bytes).
    Removing gd32f30x_rtc.o(.ARM.exidx.text.rtc_prescaler_set), (8 bytes).
    Removing gd32f30x_rtc.o(.text.rtc_alarm_config), (34 bytes).
    Removing gd32f30x_rtc.o(.ARM.exidx.text.rtc_alarm_config), (8 bytes).
    Removing gd32f30x_rtc.o(.text.rtc_divider_get), (22 bytes).
    Removing gd32f30x_rtc.o(.ARM.exidx.text.rtc_divider_get), (8 bytes).
    Removing gd32f30x_rtc.o(.text.rtc_flag_get), (18 bytes).
    Removing gd32f30x_rtc.o(.ARM.exidx.text.rtc_flag_get), (8 bytes).
    Removing gd32f30x_rtc.o(.text.rtc_flag_clear), (18 bytes).
    Removing gd32f30x_rtc.o(.ARM.exidx.text.rtc_flag_clear), (8 bytes).
    Removing gd32f30x_sdio.o(.text), (0 bytes).
    Removing gd32f30x_sdio.o(.text.sdio_deinit), (30 bytes).
    Removing gd32f30x_sdio.o(.ARM.exidx.text.sdio_deinit), (8 bytes).
    Removing gd32f30x_sdio.o(.text.sdio_clock_config), (54 bytes).
    Removing gd32f30x_sdio.o(.ARM.exidx.text.sdio_clock_config), (8 bytes).
    Removing gd32f30x_sdio.o(.text.sdio_hardware_clock_enable), (18 bytes).
    Removing gd32f30x_sdio.o(.ARM.exidx.text.sdio_hardware_clock_enable), (8 bytes).
    Removing gd32f30x_sdio.o(.text.sdio_hardware_clock_disable), (18 bytes).
    Removing gd32f30x_sdio.o(.ARM.exidx.text.sdio_hardware_clock_disable), (8 bytes).
    Removing gd32f30x_sdio.o(.text.sdio_bus_mode_set), (24 bytes).
    Removing gd32f30x_sdio.o(.ARM.exidx.text.sdio_bus_mode_set), (8 bytes).
    Removing gd32f30x_sdio.o(.text.sdio_power_state_set), (12 bytes).
    Removing gd32f30x_sdio.o(.ARM.exidx.text.sdio_power_state_set), (8 bytes).
    Removing gd32f30x_sdio.o(.text.sdio_power_state_get), (12 bytes).
    Removing gd32f30x_sdio.o(.ARM.exidx.text.sdio_power_state_get), (8 bytes).
    Removing gd32f30x_sdio.o(.text.sdio_clock_enable), (18 bytes).
    Removing gd32f30x_sdio.o(.ARM.exidx.text.sdio_clock_enable), (8 bytes).
    Removing gd32f30x_sdio.o(.text.sdio_clock_disable), (18 bytes).
    Removing gd32f30x_sdio.o(.ARM.exidx.text.sdio_clock_disable), (8 bytes).
    Removing gd32f30x_sdio.o(.text.sdio_command_response_config), (54 bytes).
    Removing gd32f30x_sdio.o(.ARM.exidx.text.sdio_command_response_config), (8 bytes).
    Removing gd32f30x_sdio.o(.text.sdio_wait_type_set), (24 bytes).
    Removing gd32f30x_sdio.o(.ARM.exidx.text.sdio_wait_type_set), (8 bytes).
    Removing gd32f30x_sdio.o(.text.sdio_csm_enable), (18 bytes).
    Removing gd32f30x_sdio.o(.ARM.exidx.text.sdio_csm_enable), (8 bytes).
    Removing gd32f30x_sdio.o(.text.sdio_csm_disable), (18 bytes).
    Removing gd32f30x_sdio.o(.ARM.exidx.text.sdio_csm_disable), (8 bytes).
    Removing gd32f30x_sdio.o(.text.sdio_command_index_get), (14 bytes).
    Removing gd32f30x_sdio.o(.ARM.exidx.text.sdio_command_index_get), (8 bytes).
    Removing gd32f30x_sdio.o(.text.sdio_response_get), (64 bytes).
    Removing gd32f30x_sdio.o(.ARM.exidx.text.sdio_response_get), (8 bytes).
    Removing gd32f30x_sdio.o(.text.sdio_data_config), (62 bytes).
    Removing gd32f30x_sdio.o(.ARM.exidx.text.sdio_data_config), (8 bytes).
    Removing gd32f30x_sdio.o(.text.sdio_data_transfer_config), (22 bytes).
    Removing gd32f30x_sdio.o(.ARM.exidx.text.sdio_data_transfer_config), (8 bytes).
    Removing gd32f30x_sdio.o(.text.sdio_dsm_enable), (18 bytes).
    Removing gd32f30x_sdio.o(.ARM.exidx.text.sdio_dsm_enable), (8 bytes).
    Removing gd32f30x_sdio.o(.text.sdio_dsm_disable), (18 bytes).
    Removing gd32f30x_sdio.o(.ARM.exidx.text.sdio_dsm_disable), (8 bytes).
    Removing gd32f30x_sdio.o(.text.sdio_data_write), (12 bytes).
    Removing gd32f30x_sdio.o(.ARM.exidx.text.sdio_data_write), (8 bytes).
    Removing gd32f30x_sdio.o(.text.sdio_data_read), (12 bytes).
    Removing gd32f30x_sdio.o(.ARM.exidx.text.sdio_data_read), (8 bytes).
    Removing gd32f30x_sdio.o(.text.sdio_data_counter_get), (12 bytes).
    Removing gd32f30x_sdio.o(.ARM.exidx.text.sdio_data_counter_get), (8 bytes).
    Removing gd32f30x_sdio.o(.text.sdio_fifo_counter_get), (12 bytes).
    Removing gd32f30x_sdio.o(.ARM.exidx.text.sdio_fifo_counter_get), (8 bytes).
    Removing gd32f30x_sdio.o(.text.sdio_dma_enable), (18 bytes).
    Removing gd32f30x_sdio.o(.ARM.exidx.text.sdio_dma_enable), (8 bytes).
    Removing gd32f30x_sdio.o(.text.sdio_dma_disable), (18 bytes).
    Removing gd32f30x_sdio.o(.ARM.exidx.text.sdio_dma_disable), (8 bytes).
    Removing gd32f30x_sdio.o(.text.sdio_flag_get), (18 bytes).
    Removing gd32f30x_sdio.o(.ARM.exidx.text.sdio_flag_get), (8 bytes).
    Removing gd32f30x_sdio.o(.text.sdio_flag_clear), (12 bytes).
    Removing gd32f30x_sdio.o(.ARM.exidx.text.sdio_flag_clear), (8 bytes).
    Removing gd32f30x_sdio.o(.text.sdio_interrupt_enable), (16 bytes).
    Removing gd32f30x_sdio.o(.ARM.exidx.text.sdio_interrupt_enable), (8 bytes).
    Removing gd32f30x_sdio.o(.text.sdio_interrupt_disable), (18 bytes).
    Removing gd32f30x_sdio.o(.ARM.exidx.text.sdio_interrupt_disable), (8 bytes).
    Removing gd32f30x_sdio.o(.text.sdio_interrupt_flag_get), (18 bytes).
    Removing gd32f30x_sdio.o(.ARM.exidx.text.sdio_interrupt_flag_get), (8 bytes).
    Removing gd32f30x_sdio.o(.text.sdio_interrupt_flag_clear), (12 bytes).
    Removing gd32f30x_sdio.o(.ARM.exidx.text.sdio_interrupt_flag_clear), (8 bytes).
    Removing gd32f30x_sdio.o(.text.sdio_readwait_enable), (18 bytes).
    Removing gd32f30x_sdio.o(.ARM.exidx.text.sdio_readwait_enable), (8 bytes).
    Removing gd32f30x_sdio.o(.text.sdio_readwait_disable), (18 bytes).
    Removing gd32f30x_sdio.o(.ARM.exidx.text.sdio_readwait_disable), (8 bytes).
    Removing gd32f30x_sdio.o(.text.sdio_stop_readwait_enable), (18 bytes).
    Removing gd32f30x_sdio.o(.ARM.exidx.text.sdio_stop_readwait_enable), (8 bytes).
    Removing gd32f30x_sdio.o(.text.sdio_stop_readwait_disable), (18 bytes).
    Removing gd32f30x_sdio.o(.ARM.exidx.text.sdio_stop_readwait_disable), (8 bytes).
    Removing gd32f30x_sdio.o(.text.sdio_readwait_type_set), (28 bytes).
    Removing gd32f30x_sdio.o(.ARM.exidx.text.sdio_readwait_type_set), (8 bytes).
    Removing gd32f30x_sdio.o(.text.sdio_operation_enable), (18 bytes).
    Removing gd32f30x_sdio.o(.ARM.exidx.text.sdio_operation_enable), (8 bytes).
    Removing gd32f30x_sdio.o(.text.sdio_operation_disable), (18 bytes).
    Removing gd32f30x_sdio.o(.ARM.exidx.text.sdio_operation_disable), (8 bytes).
    Removing gd32f30x_sdio.o(.text.sdio_suspend_enable), (18 bytes).
    Removing gd32f30x_sdio.o(.ARM.exidx.text.sdio_suspend_enable), (8 bytes).
    Removing gd32f30x_sdio.o(.text.sdio_suspend_disable), (18 bytes).
    Removing gd32f30x_sdio.o(.ARM.exidx.text.sdio_suspend_disable), (8 bytes).
    Removing gd32f30x_sdio.o(.text.sdio_ceata_command_enable), (18 bytes).
    Removing gd32f30x_sdio.o(.ARM.exidx.text.sdio_ceata_command_enable), (8 bytes).
    Removing gd32f30x_sdio.o(.text.sdio_ceata_command_disable), (18 bytes).
    Removing gd32f30x_sdio.o(.ARM.exidx.text.sdio_ceata_command_disable), (8 bytes).
    Removing gd32f30x_sdio.o(.text.sdio_ceata_interrupt_enable), (18 bytes).
    Removing gd32f30x_sdio.o(.ARM.exidx.text.sdio_ceata_interrupt_enable), (8 bytes).
    Removing gd32f30x_sdio.o(.text.sdio_ceata_interrupt_disable), (18 bytes).
    Removing gd32f30x_sdio.o(.ARM.exidx.text.sdio_ceata_interrupt_disable), (8 bytes).
    Removing gd32f30x_sdio.o(.text.sdio_ceata_command_completion_enable), (18 bytes).
    Removing gd32f30x_sdio.o(.ARM.exidx.text.sdio_ceata_command_completion_enable), (8 bytes).
    Removing gd32f30x_sdio.o(.text.sdio_ceata_command_completion_disable), (18 bytes).
    Removing gd32f30x_sdio.o(.ARM.exidx.text.sdio_ceata_command_completion_disable), (8 bytes).
    Removing gd32f30x_spi.o(.text), (0 bytes).
    Removing gd32f30x_spi.o(.text.spi_i2s_deinit), (72 bytes).
    Removing gd32f30x_spi.o(.ARM.exidx.text.spi_i2s_deinit), (8 bytes).
    Removing gd32f30x_spi.o(.text.spi_struct_para_init), (18 bytes).
    Removing gd32f30x_spi.o(.ARM.exidx.text.spi_struct_para_init), (8 bytes).
    Removing gd32f30x_spi.o(.text.spi_init), (52 bytes).
    Removing gd32f30x_spi.o(.ARM.exidx.text.spi_init), (8 bytes).
    Removing gd32f30x_spi.o(.text.spi_enable), (10 bytes).
    Removing gd32f30x_spi.o(.ARM.exidx.text.spi_enable), (8 bytes).
    Removing gd32f30x_spi.o(.text.spi_disable), (10 bytes).
    Removing gd32f30x_spi.o(.ARM.exidx.text.spi_disable), (8 bytes).
    Removing gd32f30x_spi.o(.text.i2s_init), (30 bytes).
    Removing gd32f30x_spi.o(.ARM.exidx.text.i2s_init), (8 bytes).
    Removing gd32f30x_spi.o(.text.i2s_psc_config), (292 bytes).
    Removing gd32f30x_spi.o(.ARM.exidx.text.i2s_psc_config), (8 bytes).
    Removing gd32f30x_spi.o(.text.i2s_enable), (10 bytes).
    Removing gd32f30x_spi.o(.ARM.exidx.text.i2s_enable), (8 bytes).
    Removing gd32f30x_spi.o(.text.i2s_disable), (10 bytes).
    Removing gd32f30x_spi.o(.ARM.exidx.text.i2s_disable), (8 bytes).
    Removing gd32f30x_spi.o(.text.spi_nss_output_enable), (10 bytes).
    Removing gd32f30x_spi.o(.ARM.exidx.text.spi_nss_output_enable), (8 bytes).
    Removing gd32f30x_spi.o(.text.spi_nss_output_disable), (10 bytes).
    Removing gd32f30x_spi.o(.ARM.exidx.text.spi_nss_output_disable), (8 bytes).
    Removing gd32f30x_spi.o(.text.spi_nss_internal_high), (10 bytes).
    Removing gd32f30x_spi.o(.ARM.exidx.text.spi_nss_internal_high), (8 bytes).
    Removing gd32f30x_spi.o(.text.spi_nss_internal_low), (10 bytes).
    Removing gd32f30x_spi.o(.ARM.exidx.text.spi_nss_internal_low), (8 bytes).
    Removing gd32f30x_spi.o(.text.spi_dma_enable), (18 bytes).
    Removing gd32f30x_spi.o(.ARM.exidx.text.spi_dma_enable), (8 bytes).
    Removing gd32f30x_spi.o(.text.spi_dma_disable), (22 bytes).
    Removing gd32f30x_spi.o(.ARM.exidx.text.spi_dma_disable), (8 bytes).
    Removing gd32f30x_spi.o(.text.spi_i2s_data_frame_format_config), (16 bytes).
    Removing gd32f30x_spi.o(.ARM.exidx.text.spi_i2s_data_frame_format_config), (8 bytes).
    Removing gd32f30x_spi.o(.text.spi_i2s_data_transmit), (4 bytes).
    Removing gd32f30x_spi.o(.ARM.exidx.text.spi_i2s_data_transmit), (8 bytes).
    Removing gd32f30x_spi.o(.text.spi_i2s_data_receive), (6 bytes).
    Removing gd32f30x_spi.o(.ARM.exidx.text.spi_i2s_data_receive), (8 bytes).
    Removing gd32f30x_spi.o(.text.spi_bidirectional_transfer_config), (20 bytes).
    Removing gd32f30x_spi.o(.ARM.exidx.text.spi_bidirectional_transfer_config), (8 bytes).
    Removing gd32f30x_spi.o(.text.spi_i2s_format_error_clear), (6 bytes).
    Removing gd32f30x_spi.o(.ARM.exidx.text.spi_i2s_format_error_clear), (8 bytes).
    Removing gd32f30x_spi.o(.text.spi_crc_polynomial_set), (4 bytes).
    Removing gd32f30x_spi.o(.ARM.exidx.text.spi_crc_polynomial_set), (8 bytes).
    Removing gd32f30x_spi.o(.text.spi_crc_polynomial_get), (6 bytes).
    Removing gd32f30x_spi.o(.ARM.exidx.text.spi_crc_polynomial_get), (8 bytes).
    Removing gd32f30x_spi.o(.text.spi_crc_on), (10 bytes).
    Removing gd32f30x_spi.o(.ARM.exidx.text.spi_crc_on), (8 bytes).
    Removing gd32f30x_spi.o(.text.spi_crc_off), (10 bytes).
    Removing gd32f30x_spi.o(.ARM.exidx.text.spi_crc_off), (8 bytes).
    Removing gd32f30x_spi.o(.text.spi_crc_next), (10 bytes).
    Removing gd32f30x_spi.o(.ARM.exidx.text.spi_crc_next), (8 bytes).
    Removing gd32f30x_spi.o(.text.spi_crc_get), (14 bytes).
    Removing gd32f30x_spi.o(.ARM.exidx.text.spi_crc_get), (8 bytes).
    Removing gd32f30x_spi.o(.text.spi_crc_error_clear), (8 bytes).
    Removing gd32f30x_spi.o(.ARM.exidx.text.spi_crc_error_clear), (8 bytes).
    Removing gd32f30x_spi.o(.text.spi_ti_mode_enable), (10 bytes).
    Removing gd32f30x_spi.o(.ARM.exidx.text.spi_ti_mode_enable), (8 bytes).
    Removing gd32f30x_spi.o(.text.spi_ti_mode_disable), (10 bytes).
    Removing gd32f30x_spi.o(.ARM.exidx.text.spi_ti_mode_disable), (8 bytes).
    Removing gd32f30x_spi.o(.text.spi_nssp_mode_enable), (10 bytes).
    Removing gd32f30x_spi.o(.ARM.exidx.text.spi_nssp_mode_enable), (8 bytes).
    Removing gd32f30x_spi.o(.text.spi_nssp_mode_disable), (10 bytes).
    Removing gd32f30x_spi.o(.ARM.exidx.text.spi_nssp_mode_disable), (8 bytes).
    Removing gd32f30x_spi.o(.text.spi_quad_enable), (14 bytes).
    Removing gd32f30x_spi.o(.ARM.exidx.text.spi_quad_enable), (8 bytes).
    Removing gd32f30x_spi.o(.text.spi_quad_disable), (14 bytes).
    Removing gd32f30x_spi.o(.ARM.exidx.text.spi_quad_disable), (8 bytes).
    Removing gd32f30x_spi.o(.text.spi_quad_write_enable), (14 bytes).
    Removing gd32f30x_spi.o(.ARM.exidx.text.spi_quad_write_enable), (8 bytes).
    Removing gd32f30x_spi.o(.text.spi_quad_read_enable), (14 bytes).
    Removing gd32f30x_spi.o(.ARM.exidx.text.spi_quad_read_enable), (8 bytes).
    Removing gd32f30x_spi.o(.text.spi_quad_io23_output_enable), (14 bytes).
    Removing gd32f30x_spi.o(.ARM.exidx.text.spi_quad_io23_output_enable), (8 bytes).
    Removing gd32f30x_spi.o(.text.spi_quad_io23_output_disable), (14 bytes).
    Removing gd32f30x_spi.o(.ARM.exidx.text.spi_quad_io23_output_disable), (8 bytes).
    Removing gd32f30x_spi.o(.text.spi_i2s_interrupt_enable), (36 bytes).
    Removing gd32f30x_spi.o(.ARM.exidx.text.spi_i2s_interrupt_enable), (8 bytes).
    Removing gd32f30x_spi.o(.text.spi_i2s_interrupt_disable), (36 bytes).
    Removing gd32f30x_spi.o(.ARM.exidx.text.spi_i2s_interrupt_disable), (8 bytes).
    Removing gd32f30x_spi.o(.text.spi_i2s_interrupt_flag_get), (88 bytes).
    Removing gd32f30x_spi.o(.ARM.exidx.text.spi_i2s_interrupt_flag_get), (8 bytes).
    Removing gd32f30x_spi.o(.text.spi_i2s_flag_get), (10 bytes).
    Removing gd32f30x_spi.o(.ARM.exidx.text.spi_i2s_flag_get), (8 bytes).
    Removing gd32f30x_timer.o(.text), (0 bytes).
    Removing gd32f30x_timer.o(.text.timer_deinit), (328 bytes).
    Removing gd32f30x_timer.o(.ARM.exidx.text.timer_deinit), (8 bytes).
    Removing gd32f30x_timer.o(.text.timer_struct_para_init), (16 bytes).
    Removing gd32f30x_timer.o(.ARM.exidx.text.timer_struct_para_init), (8 bytes).
    Removing gd32f30x_timer.o(.text.timer_init), (180 bytes).
    Removing gd32f30x_timer.o(.ARM.exidx.text.timer_init), (8 bytes).
    Removing gd32f30x_timer.o(.text.timer_enable), (10 bytes).
    Removing gd32f30x_timer.o(.ARM.exidx.text.timer_enable), (8 bytes).
    Removing gd32f30x_timer.o(.text.timer_disable), (10 bytes).
    Removing gd32f30x_timer.o(.ARM.exidx.text.timer_disable), (8 bytes).
    Removing gd32f30x_timer.o(.text.timer_auto_reload_shadow_enable), (10 bytes).
    Removing gd32f30x_timer.o(.ARM.exidx.text.timer_auto_reload_shadow_enable), (8 bytes).
    Removing gd32f30x_timer.o(.text.timer_auto_reload_shadow_disable), (10 bytes).
    Removing gd32f30x_timer.o(.ARM.exidx.text.timer_auto_reload_shadow_disable), (8 bytes).
    Removing gd32f30x_timer.o(.text.timer_update_event_enable), (10 bytes).
    Removing gd32f30x_timer.o(.ARM.exidx.text.timer_update_event_enable), (8 bytes).
    Removing gd32f30x_timer.o(.text.timer_update_event_disable), (10 bytes).
    Removing gd32f30x_timer.o(.ARM.exidx.text.timer_update_event_disable), (8 bytes).
    Removing gd32f30x_timer.o(.text.timer_counter_alignment), (16 bytes).
    Removing gd32f30x_timer.o(.ARM.exidx.text.timer_counter_alignment), (8 bytes).
    Removing gd32f30x_timer.o(.text.timer_counter_up_direction), (10 bytes).
    Removing gd32f30x_timer.o(.ARM.exidx.text.timer_counter_up_direction), (8 bytes).
    Removing gd32f30x_timer.o(.text.timer_counter_down_direction), (10 bytes).
    Removing gd32f30x_timer.o(.ARM.exidx.text.timer_counter_down_direction), (8 bytes).
    Removing gd32f30x_timer.o(.text.timer_prescaler_config), (18 bytes).
    Removing gd32f30x_timer.o(.ARM.exidx.text.timer_prescaler_config), (8 bytes).
    Removing gd32f30x_timer.o(.text.timer_repetition_value_config), (4 bytes).
    Removing gd32f30x_timer.o(.ARM.exidx.text.timer_repetition_value_config), (8 bytes).
    Removing gd32f30x_timer.o(.text.timer_autoreload_value_config), (4 bytes).
    Removing gd32f30x_timer.o(.ARM.exidx.text.timer_autoreload_value_config), (8 bytes).
    Removing gd32f30x_timer.o(.text.timer_counter_value_config), (4 bytes).
    Removing gd32f30x_timer.o(.ARM.exidx.text.timer_counter_value_config), (8 bytes).
    Removing gd32f30x_timer.o(.text.timer_counter_read), (4 bytes).
    Removing gd32f30x_timer.o(.ARM.exidx.text.timer_counter_read), (8 bytes).
    Removing gd32f30x_timer.o(.text.timer_prescaler_read), (6 bytes).
    Removing gd32f30x_timer.o(.ARM.exidx.text.timer_prescaler_read), (8 bytes).
    Removing gd32f30x_timer.o(.text.timer_single_pulse_mode_config), (30 bytes).
    Removing gd32f30x_timer.o(.ARM.exidx.text.timer_single_pulse_mode_config), (8 bytes).
    Removing gd32f30x_timer.o(.text.timer_update_source_config), (30 bytes).
    Removing gd32f30x_timer.o(.ARM.exidx.text.timer_update_source_config), (8 bytes).
    Removing gd32f30x_timer.o(.text.timer_interrupt_enable), (8 bytes).
    Removing gd32f30x_timer.o(.ARM.exidx.text.timer_interrupt_enable), (8 bytes).
    Removing gd32f30x_timer.o(.text.timer_interrupt_disable), (10 bytes).
    Removing gd32f30x_timer.o(.ARM.exidx.text.timer_interrupt_disable), (8 bytes).
    Removing gd32f30x_timer.o(.text.timer_interrupt_flag_get), (22 bytes).
    Removing gd32f30x_timer.o(.ARM.exidx.text.timer_interrupt_flag_get), (8 bytes).
    Removing gd32f30x_timer.o(.text.timer_interrupt_flag_clear), (6 bytes).
    Removing gd32f30x_timer.o(.ARM.exidx.text.timer_interrupt_flag_clear), (8 bytes).
    Removing gd32f30x_timer.o(.text.timer_flag_get), (10 bytes).
    Removing gd32f30x_timer.o(.ARM.exidx.text.timer_flag_get), (8 bytes).
    Removing gd32f30x_timer.o(.text.timer_flag_clear), (6 bytes).
    Removing gd32f30x_timer.o(.ARM.exidx.text.timer_flag_clear), (8 bytes).
    Removing gd32f30x_timer.o(.text.timer_dma_enable), (8 bytes).
    Removing gd32f30x_timer.o(.ARM.exidx.text.timer_dma_enable), (8 bytes).
    Removing gd32f30x_timer.o(.text.timer_dma_disable), (10 bytes).
    Removing gd32f30x_timer.o(.ARM.exidx.text.timer_dma_disable), (8 bytes).
    Removing gd32f30x_timer.o(.text.timer_channel_dma_request_source_select), (30 bytes).
    Removing gd32f30x_timer.o(.ARM.exidx.text.timer_channel_dma_request_source_select), (8 bytes).
    Removing gd32f30x_timer.o(.text.timer_dma_transfer_config), (24 bytes).
    Removing gd32f30x_timer.o(.ARM.exidx.text.timer_dma_transfer_config), (8 bytes).
    Removing gd32f30x_timer.o(.text.timer_event_software_generate), (8 bytes).
    Removing gd32f30x_timer.o(.ARM.exidx.text.timer_event_software_generate), (8 bytes).
    Removing gd32f30x_timer.o(.text.timer_break_struct_para_init), (12 bytes).
    Removing gd32f30x_timer.o(.ARM.exidx.text.timer_break_struct_para_init), (8 bytes).
    Removing gd32f30x_timer.o(.text.timer_break_config), (38 bytes).
    Removing gd32f30x_timer.o(.ARM.exidx.text.timer_break_config), (8 bytes).
    Removing gd32f30x_timer.o(.text.timer_break_enable), (10 bytes).
    Removing gd32f30x_timer.o(.ARM.exidx.text.timer_break_enable), (8 bytes).
    Removing gd32f30x_timer.o(.text.timer_break_disable), (10 bytes).
    Removing gd32f30x_timer.o(.ARM.exidx.text.timer_break_disable), (8 bytes).
    Removing gd32f30x_timer.o(.text.timer_automatic_output_enable), (10 bytes).
    Removing gd32f30x_timer.o(.ARM.exidx.text.timer_automatic_output_enable), (8 bytes).
    Removing gd32f30x_timer.o(.text.timer_automatic_output_disable), (10 bytes).
    Removing gd32f30x_timer.o(.ARM.exidx.text.timer_automatic_output_disable), (8 bytes).
    Removing gd32f30x_timer.o(.text.timer_primary_output_config), (18 bytes).
    Removing gd32f30x_timer.o(.ARM.exidx.text.timer_primary_output_config), (8 bytes).
    Removing gd32f30x_timer.o(.text.timer_channel_control_shadow_config), (16 bytes).
    Removing gd32f30x_timer.o(.ARM.exidx.text.timer_channel_control_shadow_config), (8 bytes).
    Removing gd32f30x_timer.o(.text.timer_channel_control_shadow_update_config), (30 bytes).
    Removing gd32f30x_timer.o(.ARM.exidx.text.timer_channel_control_shadow_update_config), (8 bytes).
    Removing gd32f30x_timer.o(.text.timer_channel_output_struct_para_init), (10 bytes).
    Removing gd32f30x_timer.o(.ARM.exidx.text.timer_channel_output_struct_para_init), (8 bytes).
    Removing gd32f30x_timer.o(.text.timer_channel_output_config), (518 bytes).
    Removing gd32f30x_timer.o(.ARM.exidx.text.timer_channel_output_config), (8 bytes).
    Removing gd32f30x_timer.o(.text.timer_channel_output_mode_config), (56 bytes).
    Removing gd32f30x_timer.o(.ARM.exidx.text.timer_channel_output_mode_config), (8 bytes).
    Removing gd32f30x_timer.o(.text.timer_channel_output_pulse_value_config), (12 bytes).
    Removing gd32f30x_timer.o(.ARM.exidx.text.timer_channel_output_pulse_value_config), (8 bytes).
    Removing gd32f30x_timer.o(.text.timer_channel_output_shadow_config), (56 bytes).
    Removing gd32f30x_timer.o(.ARM.exidx.text.timer_channel_output_shadow_config), (8 bytes).
    Removing gd32f30x_timer.o(.text.timer_channel_output_fast_config), (56 bytes).
    Removing gd32f30x_timer.o(.ARM.exidx.text.timer_channel_output_fast_config), (8 bytes).
    Removing gd32f30x_timer.o(.text.timer_channel_output_clear_config), (56 bytes).
    Removing gd32f30x_timer.o(.ARM.exidx.text.timer_channel_output_clear_config), (8 bytes).
    Removing gd32f30x_timer.o(.text.timer_channel_output_polarity_config), (68 bytes).
    Removing gd32f30x_timer.o(.ARM.exidx.text.timer_channel_output_polarity_config), (8 bytes).
    Removing gd32f30x_timer.o(.text.timer_channel_complementary_output_polarity_config), (56 bytes).
    Removing gd32f30x_timer.o(.ARM.exidx.text.timer_channel_complementary_output_polarity_config), (8 bytes).
    Removing gd32f30x_timer.o(.text.timer_channel_output_state_config), (68 bytes).
    Removing gd32f30x_timer.o(.ARM.exidx.text.timer_channel_output_state_config), (8 bytes).
    Removing gd32f30x_timer.o(.text.timer_channel_complementary_output_state_config), (56 bytes).
    Removing gd32f30x_timer.o(.ARM.exidx.text.timer_channel_complementary_output_state_config), (8 bytes).
    Removing gd32f30x_timer.o(.text.timer_channel_input_struct_para_init), (12 bytes).
    Removing gd32f30x_timer.o(.ARM.exidx.text.timer_channel_input_struct_para_init), (8 bytes).
    Removing gd32f30x_timer.o(.text.timer_input_capture_config), (344 bytes).
    Removing gd32f30x_timer.o(.ARM.exidx.text.timer_input_capture_config), (8 bytes).
    Removing gd32f30x_timer.o(.text.timer_channel_input_capture_prescaler_config), (56 bytes).
    Removing gd32f30x_timer.o(.ARM.exidx.text.timer_channel_input_capture_prescaler_config), (8 bytes).
    Removing gd32f30x_timer.o(.text.timer_channel_capture_value_register_read), (14 bytes).
    Removing gd32f30x_timer.o(.ARM.exidx.text.timer_channel_capture_value_register_read), (8 bytes).
    Removing gd32f30x_timer.o(.text.timer_input_pwm_capture_config), (354 bytes).
    Removing gd32f30x_timer.o(.ARM.exidx.text.timer_input_pwm_capture_config), (8 bytes).
    Removing gd32f30x_timer.o(.text.timer_hall_mode_config), (30 bytes).
    Removing gd32f30x_timer.o(.ARM.exidx.text.timer_hall_mode_config), (8 bytes).
    Removing gd32f30x_timer.o(.text.timer_input_trigger_source_select), (16 bytes).
    Removing gd32f30x_timer.o(.ARM.exidx.text.timer_input_trigger_source_select), (8 bytes).
    Removing gd32f30x_timer.o(.text.timer_master_output_trigger_source_select), (16 bytes).
    Removing gd32f30x_timer.o(.ARM.exidx.text.timer_master_output_trigger_source_select), (8 bytes).
    Removing gd32f30x_timer.o(.text.timer_slave_mode_select), (16 bytes).
    Removing gd32f30x_timer.o(.ARM.exidx.text.timer_slave_mode_select), (8 bytes).
    Removing gd32f30x_timer.o(.text.timer_master_slave_mode_config), (30 bytes).
    Removing gd32f30x_timer.o(.ARM.exidx.text.timer_master_slave_mode_config), (8 bytes).
    Removing gd32f30x_timer.o(.text.timer_external_trigger_config), (34 bytes).
    Removing gd32f30x_timer.o(.ARM.exidx.text.timer_external_trigger_config), (8 bytes).
    Removing gd32f30x_timer.o(.text.timer_quadrature_decoder_mode_config), (78 bytes).
    Removing gd32f30x_timer.o(.ARM.exidx.text.timer_quadrature_decoder_mode_config), (8 bytes).
    Removing gd32f30x_timer.o(.text.timer_internal_clock_config), (10 bytes).
    Removing gd32f30x_timer.o(.ARM.exidx.text.timer_internal_clock_config), (8 bytes).
    Removing gd32f30x_timer.o(.text.timer_internal_trigger_as_external_clock_config), (32 bytes).
    Removing gd32f30x_timer.o(.ARM.exidx.text.timer_internal_trigger_as_external_clock_config), (8 bytes).
    Removing gd32f30x_timer.o(.text.timer_external_trigger_as_external_clock_config), (148 bytes).
    Removing gd32f30x_timer.o(.ARM.exidx.text.timer_external_trigger_as_external_clock_config), (8 bytes).
    Removing gd32f30x_timer.o(.text.timer_external_clock_mode0_config), (50 bytes).
    Removing gd32f30x_timer.o(.ARM.exidx.text.timer_external_clock_mode0_config), (8 bytes).
    Removing gd32f30x_timer.o(.text.timer_external_clock_mode1_config), (42 bytes).
    Removing gd32f30x_timer.o(.ARM.exidx.text.timer_external_clock_mode1_config), (8 bytes).
    Removing gd32f30x_timer.o(.text.timer_external_clock_mode1_disable), (10 bytes).
    Removing gd32f30x_timer.o(.ARM.exidx.text.timer_external_clock_mode1_disable), (8 bytes).
    Removing gd32f30x_timer.o(.text.timer_write_chxval_register_config), (36 bytes).
    Removing gd32f30x_timer.o(.ARM.exidx.text.timer_write_chxval_register_config), (8 bytes).
    Removing gd32f30x_timer.o(.text.timer_output_value_selection_config), (36 bytes).
    Removing gd32f30x_timer.o(.ARM.exidx.text.timer_output_value_selection_config), (8 bytes).
    Removing gd32f30x_usart.o(.text), (0 bytes).
    Removing gd32f30x_usart.o(.text.usart_deinit), (122 bytes).
    Removing gd32f30x_usart.o(.ARM.exidx.text.usart_deinit), (8 bytes).
    Removing gd32f30x_usart.o(.text.usart_baudrate_set), (106 bytes).
    Removing gd32f30x_usart.o(.ARM.exidx.text.usart_baudrate_set), (8 bytes).
    Removing gd32f30x_usart.o(.text.usart_parity_config), (16 bytes).
    Removing gd32f30x_usart.o(.ARM.exidx.text.usart_parity_config), (8 bytes).
    Removing gd32f30x_usart.o(.text.usart_word_length_set), (16 bytes).
    Removing gd32f30x_usart.o(.ARM.exidx.text.usart_word_length_set), (8 bytes).
    Removing gd32f30x_usart.o(.text.usart_stop_bit_set), (16 bytes).
    Removing gd32f30x_usart.o(.ARM.exidx.text.usart_stop_bit_set), (8 bytes).
    Removing gd32f30x_usart.o(.text.usart_enable), (10 bytes).
    Removing gd32f30x_usart.o(.ARM.exidx.text.usart_enable), (8 bytes).
    Removing gd32f30x_usart.o(.text.usart_disable), (10 bytes).
    Removing gd32f30x_usart.o(.ARM.exidx.text.usart_disable), (8 bytes).
    Removing gd32f30x_usart.o(.text.usart_transmit_config), (20 bytes).
    Removing gd32f30x_usart.o(.ARM.exidx.text.usart_transmit_config), (8 bytes).
    Removing gd32f30x_usart.o(.text.usart_receive_config), (20 bytes).
    Removing gd32f30x_usart.o(.ARM.exidx.text.usart_receive_config), (8 bytes).
    Removing gd32f30x_usart.o(.text.usart_data_first_config), (24 bytes).
    Removing gd32f30x_usart.o(.ARM.exidx.text.usart_data_first_config), (8 bytes).
    Removing gd32f30x_usart.o(.text.usart_invert_config), (100 bytes).
    Removing gd32f30x_usart.o(.ARM.exidx.text.usart_invert_config), (8 bytes).
    Removing gd32f30x_usart.o(.text.usart_receiver_timeout_enable), (14 bytes).
    Removing gd32f30x_usart.o(.ARM.exidx.text.usart_receiver_timeout_enable), (8 bytes).
    Removing gd32f30x_usart.o(.text.usart_receiver_timeout_disable), (14 bytes).
    Removing gd32f30x_usart.o(.ARM.exidx.text.usart_receiver_timeout_disable), (8 bytes).
    Removing gd32f30x_usart.o(.text.usart_receiver_timeout_threshold_config), (24 bytes).
    Removing gd32f30x_usart.o(.ARM.exidx.text.usart_receiver_timeout_threshold_config), (8 bytes).
    Removing gd32f30x_usart.o(.text.usart_data_transmit), (8 bytes).
    Removing gd32f30x_usart.o(.ARM.exidx.text.usart_data_transmit), (8 bytes).
    Removing gd32f30x_usart.o(.text.usart_data_receive), (8 bytes).
    Removing gd32f30x_usart.o(.ARM.exidx.text.usart_data_receive), (8 bytes).
    Removing gd32f30x_usart.o(.text.usart_address_config), (20 bytes).
    Removing gd32f30x_usart.o(.ARM.exidx.text.usart_address_config), (8 bytes).
    Removing gd32f30x_usart.o(.text.usart_mute_mode_enable), (10 bytes).
    Removing gd32f30x_usart.o(.ARM.exidx.text.usart_mute_mode_enable), (8 bytes).
    Removing gd32f30x_usart.o(.text.usart_mute_mode_disable), (10 bytes).
    Removing gd32f30x_usart.o(.ARM.exidx.text.usart_mute_mode_disable), (8 bytes).
    Removing gd32f30x_usart.o(.text.usart_mute_mode_wakeup_config), (16 bytes).
    Removing gd32f30x_usart.o(.ARM.exidx.text.usart_mute_mode_wakeup_config), (8 bytes).
    Removing gd32f30x_usart.o(.text.usart_lin_mode_enable), (10 bytes).
    Removing gd32f30x_usart.o(.ARM.exidx.text.usart_lin_mode_enable), (8 bytes).
    Removing gd32f30x_usart.o(.text.usart_lin_mode_disable), (10 bytes).
    Removing gd32f30x_usart.o(.ARM.exidx.text.usart_lin_mode_disable), (8 bytes).
    Removing gd32f30x_usart.o(.text.usart_lin_break_detection_length_config), (20 bytes).
    Removing gd32f30x_usart.o(.ARM.exidx.text.usart_lin_break_detection_length_config), (8 bytes).
    Removing gd32f30x_usart.o(.text.usart_send_break), (10 bytes).
    Removing gd32f30x_usart.o(.ARM.exidx.text.usart_send_break), (8 bytes).
    Removing gd32f30x_usart.o(.text.usart_halfduplex_enable), (10 bytes).
    Removing gd32f30x_usart.o(.ARM.exidx.text.usart_halfduplex_enable), (8 bytes).
    Removing gd32f30x_usart.o(.text.usart_halfduplex_disable), (10 bytes).
    Removing gd32f30x_usart.o(.ARM.exidx.text.usart_halfduplex_disable), (8 bytes).
    Removing gd32f30x_usart.o(.text.usart_synchronous_clock_enable), (10 bytes).
    Removing gd32f30x_usart.o(.ARM.exidx.text.usart_synchronous_clock_enable), (8 bytes).
    Removing gd32f30x_usart.o(.text.usart_synchronous_clock_disable), (10 bytes).
    Removing gd32f30x_usart.o(.ARM.exidx.text.usart_synchronous_clock_disable), (8 bytes).
    Removing gd32f30x_usart.o(.text.usart_synchronous_clock_config), (36 bytes).
    Removing gd32f30x_usart.o(.ARM.exidx.text.usart_synchronous_clock_config), (8 bytes).
    Removing gd32f30x_usart.o(.text.usart_guard_time_config), (18 bytes).
    Removing gd32f30x_usart.o(.ARM.exidx.text.usart_guard_time_config), (8 bytes).
    Removing gd32f30x_usart.o(.text.usart_smartcard_mode_enable), (10 bytes).
    Removing gd32f30x_usart.o(.ARM.exidx.text.usart_smartcard_mode_enable), (8 bytes).
    Removing gd32f30x_usart.o(.text.usart_smartcard_mode_disable), (10 bytes).
    Removing gd32f30x_usart.o(.ARM.exidx.text.usart_smartcard_mode_disable), (8 bytes).
    Removing gd32f30x_usart.o(.text.usart_smartcard_mode_nack_enable), (10 bytes).
    Removing gd32f30x_usart.o(.ARM.exidx.text.usart_smartcard_mode_nack_enable), (8 bytes).
    Removing gd32f30x_usart.o(.text.usart_smartcard_mode_nack_disable), (10 bytes).
    Removing gd32f30x_usart.o(.ARM.exidx.text.usart_smartcard_mode_nack_disable), (8 bytes).
    Removing gd32f30x_usart.o(.text.usart_smartcard_autoretry_config), (30 bytes).
    Removing gd32f30x_usart.o(.ARM.exidx.text.usart_smartcard_autoretry_config), (8 bytes).
    Removing gd32f30x_usart.o(.text.usart_block_length_config), (26 bytes).
    Removing gd32f30x_usart.o(.ARM.exidx.text.usart_block_length_config), (8 bytes).
    Removing gd32f30x_usart.o(.text.usart_irda_mode_enable), (10 bytes).
    Removing gd32f30x_usart.o(.ARM.exidx.text.usart_irda_mode_enable), (8 bytes).
    Removing gd32f30x_usart.o(.text.usart_irda_mode_disable), (10 bytes).
    Removing gd32f30x_usart.o(.ARM.exidx.text.usart_irda_mode_disable), (8 bytes).
    Removing gd32f30x_usart.o(.text.usart_prescaler_config), (16 bytes).
    Removing gd32f30x_usart.o(.ARM.exidx.text.usart_prescaler_config), (8 bytes).
    Removing gd32f30x_usart.o(.text.usart_irda_lowpower_config), (20 bytes).
    Removing gd32f30x_usart.o(.ARM.exidx.text.usart_irda_lowpower_config), (8 bytes).
    Removing gd32f30x_usart.o(.text.usart_hardware_flow_rts_config), (20 bytes).
    Removing gd32f30x_usart.o(.ARM.exidx.text.usart_hardware_flow_rts_config), (8 bytes).
    Removing gd32f30x_usart.o(.text.usart_hardware_flow_cts_config), (20 bytes).
    Removing gd32f30x_usart.o(.ARM.exidx.text.usart_hardware_flow_cts_config), (8 bytes).
    Removing gd32f30x_usart.o(.text.usart_dma_receive_config), (20 bytes).
    Removing gd32f30x_usart.o(.ARM.exidx.text.usart_dma_receive_config), (8 bytes).
    Removing gd32f30x_usart.o(.text.usart_dma_transmit_config), (20 bytes).
    Removing gd32f30x_usart.o(.ARM.exidx.text.usart_dma_transmit_config), (8 bytes).
    Removing gd32f30x_usart.o(.text.usart_flag_get), (16 bytes).
    Removing gd32f30x_usart.o(.ARM.exidx.text.usart_flag_get), (8 bytes).
    Removing gd32f30x_usart.o(.text.usart_flag_clear), (18 bytes).
    Removing gd32f30x_usart.o(.ARM.exidx.text.usart_flag_clear), (8 bytes).
    Removing gd32f30x_usart.o(.text.usart_interrupt_enable), (22 bytes).
    Removing gd32f30x_usart.o(.ARM.exidx.text.usart_interrupt_enable), (8 bytes).
    Removing gd32f30x_usart.o(.text.usart_interrupt_disable), (24 bytes).
    Removing gd32f30x_usart.o(.ARM.exidx.text.usart_interrupt_disable), (8 bytes).
    Removing gd32f30x_usart.o(.text.usart_interrupt_flag_get), (34 bytes).
    Removing gd32f30x_usart.o(.ARM.exidx.text.usart_interrupt_flag_get), (8 bytes).
    Removing gd32f30x_usart.o(.text.usart_interrupt_flag_clear), (18 bytes).
    Removing gd32f30x_usart.o(.ARM.exidx.text.usart_interrupt_flag_clear), (8 bytes).
    Removing gd32f30x_wwdgt.o(.text), (0 bytes).
    Removing gd32f30x_wwdgt.o(.text.wwdgt_deinit), (22 bytes).
    Removing gd32f30x_wwdgt.o(.ARM.exidx.text.wwdgt_deinit), (8 bytes).
    Removing gd32f30x_wwdgt.o(.text.wwdgt_enable), (18 bytes).
    Removing gd32f30x_wwdgt.o(.ARM.exidx.text.wwdgt_enable), (8 bytes).
    Removing gd32f30x_wwdgt.o(.text.wwdgt_counter_update), (16 bytes).
    Removing gd32f30x_wwdgt.o(.ARM.exidx.text.wwdgt_counter_update), (8 bytes).
    Removing gd32f30x_wwdgt.o(.text.wwdgt_config), (24 bytes).
    Removing gd32f30x_wwdgt.o(.ARM.exidx.text.wwdgt_config), (8 bytes).
    Removing gd32f30x_wwdgt.o(.text.wwdgt_flag_get), (16 bytes).
    Removing gd32f30x_wwdgt.o(.ARM.exidx.text.wwdgt_flag_get), (8 bytes).
    Removing gd32f30x_wwdgt.o(.text.wwdgt_flag_clear), (14 bytes).
    Removing gd32f30x_wwdgt.o(.ARM.exidx.text.wwdgt_flag_clear), (8 bytes).
    Removing gd32f30x_wwdgt.o(.text.wwdgt_interrupt_enable), (18 bytes).
    Removing gd32f30x_wwdgt.o(.ARM.exidx.text.wwdgt_interrupt_enable), (8 bytes).
    Removing system_gd32f30x.o(.text), (0 bytes).
    Removing system_gd32f30x.o(.ARM.exidx.text.SystemInit), (8 bytes).
    Removing system_gd32f30x.o(.text.SystemCoreClockUpdate), (248 bytes).
    Removing system_gd32f30x.o(.ARM.exidx.text.SystemCoreClockUpdate), (8 bytes).
    Removing system_gd32f30x.o(.text.gd32f30x_firmware_version_get), (6 bytes).
    Removing system_gd32f30x.o(.ARM.exidx.text.gd32f30x_firmware_version_get), (8 bytes).
    Removing system_gd32f30x.o(.data.SystemCoreClock), (4 bytes).

1849 unused section(s) (total 83598 bytes) removed from the image.

==============================================================================

Image Symbol Table

    Local Symbols

    Symbol Name                              Value     Ov Type        Size  Object(Section)

    ../Firmware/CMSIS/startup_gd32f30x_cl.s  0x00000000   Number         0  startup_gd32f30x_cl.o ABSOLUTE
    ../clib/angel/boardlib.s                 0x00000000   Number         0  boardinit1.o ABSOLUTE
    ../clib/angel/boardlib.s                 0x00000000   Number         0  boardinit2.o ABSOLUTE
    ../clib/angel/boardlib.s                 0x00000000   Number         0  boardinit3.o ABSOLUTE
    ../clib/angel/boardlib.s                 0x00000000   Number         0  boardshut.o ABSOLUTE
    ../clib/angel/handlers.s                 0x00000000   Number         0  __scatter_zi.o ABSOLUTE
    ../clib/angel/kernel.s                   0x00000000   Number         0  __rtentry.o ABSOLUTE
    ../clib/angel/kernel.s                   0x00000000   Number         0  __rtentry2.o ABSOLUTE
    ../clib/angel/kernel.s                   0x00000000   Number         0  __rtentry4.o ABSOLUTE
    ../clib/angel/kernel.s                   0x00000000   Number         0  rtexit.o ABSOLUTE
    ../clib/angel/kernel.s                   0x00000000   Number         0  rtexit2.o ABSOLUTE
    ../clib/angel/rt.s                       0x00000000   Number         0  aeabi_ldiv0.o ABSOLUTE
    ../clib/angel/rt.s                       0x00000000   Number         0  aeabi_ldiv0_sigfpe.o ABSOLUTE
    ../clib/angel/rt.s                       0x00000000   Number         0  rt_div0.o ABSOLUTE
    ../clib/angel/rt.s                       0x00000000   Number         0  rt_raise.o ABSOLUTE
    ../clib/angel/scatter.s                  0x00000000   Number         0  __scatter.o ABSOLUTE
    ../clib/angel/startup.s                  0x00000000   Number         0  __main.o ABSOLUTE
    ../clib/angel/sys.s                      0x00000000   Number         0  sys_stackheap_outer.o ABSOLUTE
    ../clib/angel/sys.s                      0x00000000   Number         0  libspace.o ABSOLUTE
    ../clib/angel/sys.s                      0x00000000   Number         0  use_no_semi.o ABSOLUTE
    ../clib/angel/sys.s                      0x00000000   Number         0  indicate_semi.o ABSOLUTE
    ../clib/angel/sysapp.c                   0x00000000   Number         0  sys_exit.o ABSOLUTE
    ../clib/angel/sysapp.c                   0x00000000   Number         0  sys_exit_hlt.o ABSOLUTE
    ../clib/angel/sysapp.c                   0x00000000   Number         0  sys_wrch.o ABSOLUTE
    ../clib/angel/sysapp.c                   0x00000000   Number         0  sys_wrch_hlt.o ABSOLUTE
    ../clib/angel/sysapp.c                   0x00000000   Number         0  sys_command.o ABSOLUTE
    ../clib/angel/sysapp.c                   0x00000000   Number         0  sys_command_hlt.o ABSOLUTE
    ../clib/armsys.c                         0x00000000   Number         0  argv_veneer.o ABSOLUTE
    ../clib/armsys.c                         0x00000000   Number         0  argv_veneer.o ABSOLUTE
    ../clib/armsys.c                         0x00000000   Number         0  _get_argv_nomalloc.o ABSOLUTE
    ../clib/armsys.c                         0x00000000   Number         0  no_argv.o ABSOLUTE
    ../clib/heapalloc.c                      0x00000000   Number         0  hrguard.o ABSOLUTE
    ../clib/heapaux.c                        0x00000000   Number         0  heapauxi.o ABSOLUTE
    ../clib/libinit.s                        0x00000000   Number         0  libinit.o ABSOLUTE
    ../clib/libinit.s                        0x00000000   Number         0  libinit2.o ABSOLUTE
    ../clib/libinit.s                        0x00000000   Number         0  libshutdown.o ABSOLUTE
    ../clib/libinit.s                        0x00000000   Number         0  libshutdown2.o ABSOLUTE
    ../clib/longlong.s                       0x00000000   Number         0  lludivv7m.o ABSOLUTE
    ../clib/memcpset.s                       0x00000000   Number         0  rt_memcpy_v6.o ABSOLUTE
    ../clib/memcpset.s                       0x00000000   Number         0  aeabi_memset4.o ABSOLUTE
    ../clib/memcpset.s                       0x00000000   Number         0  rt_memclr.o ABSOLUTE
    ../clib/memcpset.s                       0x00000000   Number         0  rt_memclr_w.o ABSOLUTE
    ../clib/memcpset.s                       0x00000000   Number         0  rt_memcpy_w.o ABSOLUTE
    ../clib/signal.c                         0x00000000   Number         0  defsig_fpe_outer.o ABSOLUTE
    ../clib/signal.c                         0x00000000   Number         0  defsig_fpe_formal.o ABSOLUTE
    ../clib/signal.c                         0x00000000   Number         0  defsig_exit.o ABSOLUTE
    ../clib/signal.c                         0x00000000   Number         0  defsig_fpe_inner.o ABSOLUTE
    ../clib/signal.c                         0x00000000   Number         0  __raise.o ABSOLUTE
    ../clib/signal.c                         0x00000000   Number         0  defsig_general.o ABSOLUTE
    ../clib/signal.c                         0x00000000   Number         0  defsig_abrt_inner.o ABSOLUTE
    ../clib/signal.c                         0x00000000   Number         0  defsig_rtred_inner.o ABSOLUTE
    ../clib/signal.c                         0x00000000   Number         0  defsig_rtmem_inner.o ABSOLUTE
    ../clib/signal.c                         0x00000000   Number         0  defsig_rtmem_outer.o ABSOLUTE
    ../clib/signal.c                         0x00000000   Number         0  defsig_rtmem_formal.o ABSOLUTE
    ../clib/signal.c                         0x00000000   Number         0  defsig_stak_inner.o ABSOLUTE
    ../clib/signal.c                         0x00000000   Number         0  defsig_pvfn_inner.o ABSOLUTE
    ../clib/signal.c                         0x00000000   Number         0  defsig_cppl_inner.o ABSOLUTE
    ../clib/signal.c                         0x00000000   Number         0  defsig_segv_inner.o ABSOLUTE
    ../clib/signal.c                         0x00000000   Number         0  defsig_other.o ABSOLUTE
    ../clib/signal.s                         0x00000000   Number         0  defsig.o ABSOLUTE
    ../clib/stdlib.c                         0x00000000   Number         0  exit.o ABSOLUTE
    ../fplib/fpinit.s                        0x00000000   Number         0  fpinit.o ABSOLUTE
    croutine.c                               0x00000000   Number         0  croutine.o ABSOLUTE
    dc.s                                     0x00000000   Number         0  dc.o ABSOLUTE
    event_groups.c                           0x00000000   Number         0  event_groups.o ABSOLUTE
    gd32f30x_adc.c                           0x00000000   Number         0  gd32f30x_adc.o ABSOLUTE
    gd32f30x_bkp.c                           0x00000000   Number         0  gd32f30x_bkp.o ABSOLUTE
    gd32f30x_can.c                           0x00000000   Number         0  gd32f30x_can.o ABSOLUTE
    gd32f30x_crc.c                           0x00000000   Number         0  gd32f30x_crc.o ABSOLUTE
    gd32f30x_ctc.c                           0x00000000   Number         0  gd32f30x_ctc.o ABSOLUTE
    gd32f30x_dac.c                           0x00000000   Number         0  gd32f30x_dac.o ABSOLUTE
    gd32f30x_dbg.c                           0x00000000   Number         0  gd32f30x_dbg.o ABSOLUTE
    gd32f30x_dma.c                           0x00000000   Number         0  gd32f30x_dma.o ABSOLUTE
    gd32f30x_enet.c                          0x00000000   Number         0  gd32f30x_enet.o ABSOLUTE
    gd32f30x_exmc.c                          0x00000000   Number         0  gd32f30x_exmc.o ABSOLUTE
    gd32f30x_exti.c                          0x00000000   Number         0  gd32f30x_exti.o ABSOLUTE
    gd32f30x_fmc.c                           0x00000000   Number         0  gd32f30x_fmc.o ABSOLUTE
    gd32f30x_fwdgt.c                         0x00000000   Number         0  gd32f30x_fwdgt.o ABSOLUTE
    gd32f30x_gpio.c                          0x00000000   Number         0  gd32f30x_gpio.o ABSOLUTE
    gd32f30x_i2c.c                           0x00000000   Number         0  gd32f30x_i2c.o ABSOLUTE
    gd32f30x_misc.c                          0x00000000   Number         0  gd32f30x_misc.o ABSOLUTE
    gd32f30x_pmu.c                           0x00000000   Number         0  gd32f30x_pmu.o ABSOLUTE
    gd32f30x_rcu.c                           0x00000000   Number         0  gd32f30x_rcu.o ABSOLUTE
    gd32f30x_rtc.c                           0x00000000   Number         0  gd32f30x_rtc.o ABSOLUTE
    gd32f30x_sdio.c                          0x00000000   Number         0  gd32f30x_sdio.o ABSOLUTE
    gd32f30x_spi.c                           0x00000000   Number         0  gd32f30x_spi.o ABSOLUTE
    gd32f30x_timer.c                         0x00000000   Number         0  gd32f30x_timer.o ABSOLUTE
    gd32f30x_usart.c                         0x00000000   Number         0  gd32f30x_usart.o ABSOLUTE
    gd32f30x_wwdgt.c                         0x00000000   Number         0  gd32f30x_wwdgt.o ABSOLUTE
    heap_4.c                                 0x00000000   Number         0  heap_4.o ABSOLUTE
    list.c                                   0x00000000   Number         0  list.o ABSOLUTE
    main.c                                   0x00000000   Number         0  main.o ABSOLUTE
    port.c                                   0x00000000   Number         0  port.o ABSOLUTE
    queue.c                                  0x00000000   Number         0  queue.o ABSOLUTE
    stream_buffer.c                          0x00000000   Number         0  stream_buffer.o ABSOLUTE
    system_gd32f30x.c                        0x00000000   Number         0  system_gd32f30x.o ABSOLUTE
    tasks.c                                  0x00000000   Number         0  tasks.o ABSOLUTE
    timers.c                                 0x00000000   Number         0  timers.o ABSOLUTE
    RESET                                    0x08000000   Section      336  startup_gd32f30x_cl.o(RESET)
    !!!main                                  0x08000150   Section        8  __main.o(!!!main)
    !!!scatter                               0x08000158   Section       92  __scatter.o(!!!scatter)
    !!handler_null                           0x080001b4   Section        2  __scatter.o(!!handler_null)
    !!handler_zi                             0x080001b8   Section       28  __scatter_zi.o(!!handler_zi)
    .ARM.Collect$$libinit$$00000000          0x080001d4   Section        2  libinit.o(.ARM.Collect$$libinit$$00000000)
    .ARM.Collect$$libinit$$00000001          0x080001d6   Section        4  libinit2.o(.ARM.Collect$$libinit$$00000001)
    .ARM.Collect$$libinit$$00000004          0x080001da   Section        0  libinit2.o(.ARM.Collect$$libinit$$00000004)
    .ARM.Collect$$libinit$$00000006          0x080001da   Section        0  libinit2.o(.ARM.Collect$$libinit$$00000006)
    .ARM.Collect$$libinit$$0000000C          0x080001da   Section        0  libinit2.o(.ARM.Collect$$libinit$$0000000C)
    .ARM.Collect$$libinit$$0000000E          0x080001da   Section        0  libinit2.o(.ARM.Collect$$libinit$$0000000E)
    .ARM.Collect$$libinit$$00000010          0x080001da   Section        0  libinit2.o(.ARM.Collect$$libinit$$00000010)
    .ARM.Collect$$libinit$$00000013          0x080001da   Section        0  libinit2.o(.ARM.Collect$$libinit$$00000013)
    .ARM.Collect$$libinit$$00000015          0x080001da   Section        0  libinit2.o(.ARM.Collect$$libinit$$00000015)
    .ARM.Collect$$libinit$$00000017          0x080001da   Section        0  libinit2.o(.ARM.Collect$$libinit$$00000017)
    .ARM.Collect$$libinit$$00000019          0x080001da   Section        0  libinit2.o(.ARM.Collect$$libinit$$00000019)
    .ARM.Collect$$libinit$$0000001B          0x080001da   Section        0  libinit2.o(.ARM.Collect$$libinit$$0000001B)
    .ARM.Collect$$libinit$$0000001D          0x080001da   Section        0  libinit2.o(.ARM.Collect$$libinit$$0000001D)
    .ARM.Collect$$libinit$$0000001F          0x080001da   Section        0  libinit2.o(.ARM.Collect$$libinit$$0000001F)
    .ARM.Collect$$libinit$$00000021          0x080001da   Section        0  libinit2.o(.ARM.Collect$$libinit$$00000021)
    .ARM.Collect$$libinit$$00000023          0x080001da   Section        0  libinit2.o(.ARM.Collect$$libinit$$00000023)
    .ARM.Collect$$libinit$$00000025          0x080001da   Section        0  libinit2.o(.ARM.Collect$$libinit$$00000025)
    .ARM.Collect$$libinit$$00000027          0x080001da   Section        0  libinit2.o(.ARM.Collect$$libinit$$00000027)
    .ARM.Collect$$libinit$$0000002E          0x080001da   Section        0  libinit2.o(.ARM.Collect$$libinit$$0000002E)
    .ARM.Collect$$libinit$$00000030          0x080001da   Section        0  libinit2.o(.ARM.Collect$$libinit$$00000030)
    .ARM.Collect$$libinit$$00000032          0x080001da   Section        0  libinit2.o(.ARM.Collect$$libinit$$00000032)
    .ARM.Collect$$libinit$$00000034          0x080001da   Section        0  libinit2.o(.ARM.Collect$$libinit$$00000034)
    .ARM.Collect$$libinit$$00000035          0x080001da   Section        2  libinit2.o(.ARM.Collect$$libinit$$00000035)
    .ARM.Collect$$libshutdown$$00000000      0x080001dc   Section        2  libshutdown.o(.ARM.Collect$$libshutdown$$00000000)
    .ARM.Collect$$libshutdown$$00000002      0x080001de   Section        0  libshutdown2.o(.ARM.Collect$$libshutdown$$00000002)
    .ARM.Collect$$libshutdown$$00000004      0x080001de   Section        0  libshutdown2.o(.ARM.Collect$$libshutdown$$00000004)
    .ARM.Collect$$libshutdown$$00000007      0x080001de   Section        0  libshutdown2.o(.ARM.Collect$$libshutdown$$00000007)
    .ARM.Collect$$libshutdown$$0000000A      0x080001de   Section        0  libshutdown2.o(.ARM.Collect$$libshutdown$$0000000A)
    .ARM.Collect$$libshutdown$$0000000C      0x080001de   Section        0  libshutdown2.o(.ARM.Collect$$libshutdown$$0000000C)
    .ARM.Collect$$libshutdown$$0000000F      0x080001de   Section        0  libshutdown2.o(.ARM.Collect$$libshutdown$$0000000F)
    .ARM.Collect$$libshutdown$$00000010      0x080001de   Section        2  libshutdown2.o(.ARM.Collect$$libshutdown$$00000010)
    .ARM.Collect$$rtentry$$00000000          0x080001e0   Section        0  __rtentry.o(.ARM.Collect$$rtentry$$00000000)
    .ARM.Collect$$rtentry$$00000002          0x080001e0   Section        0  __rtentry2.o(.ARM.Collect$$rtentry$$00000002)
    .ARM.Collect$$rtentry$$00000004          0x080001e0   Section        6  __rtentry4.o(.ARM.Collect$$rtentry$$00000004)
    .ARM.Collect$$rtentry$$00000009          0x080001e6   Section        0  __rtentry2.o(.ARM.Collect$$rtentry$$00000009)
    .ARM.Collect$$rtentry$$0000000A          0x080001e6   Section        4  __rtentry2.o(.ARM.Collect$$rtentry$$0000000A)
    .ARM.Collect$$rtentry$$0000000C          0x080001ea   Section        0  __rtentry2.o(.ARM.Collect$$rtentry$$0000000C)
    .ARM.Collect$$rtentry$$0000000D          0x080001ea   Section        8  __rtentry2.o(.ARM.Collect$$rtentry$$0000000D)
    .ARM.Collect$$rtexit$$00000000           0x080001f2   Section        2  rtexit.o(.ARM.Collect$$rtexit$$00000000)
    .ARM.Collect$$rtexit$$00000002           0x080001f4   Section        0  rtexit2.o(.ARM.Collect$$rtexit$$00000002)
    .ARM.Collect$$rtexit$$00000003           0x080001f4   Section        4  rtexit2.o(.ARM.Collect$$rtexit$$00000003)
    .ARM.Collect$$rtexit$$00000004           0x080001f8   Section        6  rtexit2.o(.ARM.Collect$$rtexit$$00000004)
    $v0                                      0x08000200   Number         0  startup_gd32f30x_cl.o(.text)
    .text                                    0x08000200   Section       64  startup_gd32f30x_cl.o(.text)
    .text                                    0x08000240   Section        0  heapauxi.o(.text)
    .text                                    0x08000246   Section       74  sys_stackheap_outer.o(.text)
    .text                                    0x08000290   Section        0  exit.o(.text)
    .text                                    0x080002a4   Section        8  libspace.o(.text)
    .text                                    0x080002ac   Section        0  sys_exit.o(.text)
    .text                                    0x080002b8   Section        2  use_no_semi.o(.text)
    .text                                    0x080002ba   Section        0  indicate_semi.o(.text)
    [Anonymous Symbol]                       0x080002c0   Section        0  port.o(.text.PendSV_Handler)
    pxCurrentTCBConst                        0x08000320   Number         0  port.o(.text.PendSV_Handler)
    [Anonymous Symbol]                       0x08000330   Section        0  port.o(.text.SVC_Handler)
    pxCurrentTCBConst2                       0x08000350   Number         0  port.o(.text.SVC_Handler)
    [Anonymous Symbol]                       0x08000354   Section        0  port.o(.text.SysTick_Handler)
    [Anonymous Symbol]                       0x08000384   Section        0  system_gd32f30x.o(.text.SystemInit)
    [Anonymous Symbol]                       0x08000610   Section        0  main.o(.text.main)
    __tagsym$$used.0                         0x08000614   Number         0  tasks.o(.text.vTaskSwitchContext)
    [Anonymous Symbol]                       0x08000614   Section        0  tasks.o(.text.vTaskSwitchContext)
    [Anonymous Symbol]                       0x08000690   Section        0  tasks.o(.text.xTaskIncrementTick)
    $v0                                      0x08000822   Number         0  fpinit.o(x$fpl$fpinit)
    x$fpl$fpinit                             0x08000822   Section       26  fpinit.o(x$fpl$fpinit)
    .bss                                     0x20000000   Section       96  libspace.o(.bss)
    __tagsym$$used.1                         0x20000060   Number         0  tasks.o(.bss.pxCurrentTCB)
    pxDelayedTaskList                        0x20000064   Data           4  tasks.o(.bss.pxDelayedTaskList)
    [Anonymous Symbol]                       0x20000064   Section        0  tasks.o(.bss.pxDelayedTaskList)
    pxOverflowDelayedTaskList                0x20000068   Data           4  tasks.o(.bss.pxOverflowDelayedTaskList)
    [Anonymous Symbol]                       0x20000068   Section        0  tasks.o(.bss.pxOverflowDelayedTaskList)
    pxReadyTasksLists                        0x2000006c   Data         140  tasks.o(.bss.pxReadyTasksLists)
    [Anonymous Symbol]                       0x2000006c   Section        0  tasks.o(.bss.pxReadyTasksLists)
    uxSchedulerSuspended                     0x200000f8   Data           4  tasks.o(.bss.uxSchedulerSuspended)
    [Anonymous Symbol]                       0x200000f8   Section        0  tasks.o(.bss.uxSchedulerSuspended)
    uxTopReadyPriority                       0x200000fc   Data           4  tasks.o(.bss.uxTopReadyPriority)
    [Anonymous Symbol]                       0x200000fc   Section        0  tasks.o(.bss.uxTopReadyPriority)
    xNextTaskUnblockTime                     0x20000100   Data           4  tasks.o(.bss.xNextTaskUnblockTime)
    [Anonymous Symbol]                       0x20000100   Section        0  tasks.o(.bss.xNextTaskUnblockTime)
    xNumOfOverflows                          0x20000104   Data           4  tasks.o(.bss.xNumOfOverflows)
    [Anonymous Symbol]                       0x20000104   Section        0  tasks.o(.bss.xNumOfOverflows)
    xPendedTicks                             0x20000108   Data           4  tasks.o(.bss.xPendedTicks)
    [Anonymous Symbol]                       0x20000108   Section        0  tasks.o(.bss.xPendedTicks)
    xTickCount                               0x2000010c   Data           4  tasks.o(.bss.xTickCount)
    [Anonymous Symbol]                       0x2000010c   Section        0  tasks.o(.bss.xTickCount)
    xYieldPendings                           0x20000110   Data           4  tasks.o(.bss.xYieldPendings)
    [Anonymous Symbol]                       0x20000110   Section        0  tasks.o(.bss.xYieldPendings)
    Heap_Mem                                 0x20000118   Data        1024  startup_gd32f30x_cl.o(HEAP)
    HEAP                                     0x20000118   Section     1024  startup_gd32f30x_cl.o(HEAP)
    Stack_Mem                                0x20000518   Data        1024  startup_gd32f30x_cl.o(STACK)
    STACK                                    0x20000518   Section     1024  startup_gd32f30x_cl.o(STACK)
    __initial_sp                             0x20000918   Data           0  startup_gd32f30x_cl.o(STACK)

    Global Symbols

    Symbol Name                              Value     Ov Type        Size  Object(Section)

    BuildAttributes$$THM_ISAv4$E$P$D$K$B$S$7EM$VFPi3$EXTD16$VFPS$VFMA$PE$A:L22UL41UL21$X:L11$S22US41US21$IEEE1$IW$~IW$USESV6$~STKCKD$USESV7$~SHL$OTIME$ROPI$EBA8$UX$STANDARDLIB$REQ8$PRES8$EABIv2 0x00000000   Number         0  anon$$obj.o ABSOLUTE
    __ARM_exceptions_init                     - Undefined Weak Reference
    __alloca_initialize                       - Undefined Weak Reference
    __arm_preinit_                            - Undefined Weak Reference
    __arm_relocate_pie_                       - Undefined Weak Reference
    __cpp_initialize__aeabi_                  - Undefined Weak Reference
    __cxa_finalize                            - Undefined Weak Reference
    __rt_locale                               - Undefined Weak Reference
    __sigvec_lookup                           - Undefined Weak Reference
    _atexit_init                              - Undefined Weak Reference
    _call_atexit_fns                          - Undefined Weak Reference
    _clock_init                               - Undefined Weak Reference
    _fp_trap_init                             - Undefined Weak Reference
    _fp_trap_shutdown                         - Undefined Weak Reference
    _get_lc_collate                           - Undefined Weak Reference
    _get_lc_ctype                             - Undefined Weak Reference
    _get_lc_monetary                          - Undefined Weak Reference
    _get_lc_numeric                           - Undefined Weak Reference
    _get_lc_time                              - Undefined Weak Reference
    _getenv_init                              - Undefined Weak Reference
    _handle_redirection                       - Undefined Weak Reference
    _init_alloc                               - Undefined Weak Reference
    _init_user_alloc                          - Undefined Weak Reference
    _initio                                   - Undefined Weak Reference
    _rand_init                                - Undefined Weak Reference
    _signal_finish                            - Undefined Weak Reference
    _signal_init                              - Undefined Weak Reference
    _terminate_alloc                          - Undefined Weak Reference
    _terminate_user_alloc                     - Undefined Weak Reference
    _terminateio                              - Undefined Weak Reference
    __Vectors_Size                           0x00000150   Number         0  startup_gd32f30x_cl.o ABSOLUTE
    __Vectors                                0x08000000   Data           4  startup_gd32f30x_cl.o(RESET)
    __Vectors_End                            0x08000150   Data           0  startup_gd32f30x_cl.o(RESET)
    __main                                   0x08000151   Thumb Code     8  __main.o(!!!main)
    __scatterload                            0x08000159   Thumb Code     0  __scatter.o(!!!scatter)
    __scatterload_rt2                        0x08000159   Thumb Code    84  __scatter.o(!!!scatter)
    __scatterload_rt2_thumb_only             0x08000159   Thumb Code     0  __scatter.o(!!!scatter)
    __scatterload_loop                       0x08000163   Thumb Code     0  __scatter.o(!!!scatter)
    __scatterload_null                       0x080001b5   Thumb Code     2  __scatter.o(!!handler_null)
    __scatterload_zeroinit                   0x080001b9   Thumb Code    28  __scatter_zi.o(!!handler_zi)
    __rt_lib_init                            0x080001d5   Thumb Code     0  libinit.o(.ARM.Collect$$libinit$$00000000)
    __rt_lib_init_fp_1                       0x080001d7   Thumb Code     0  libinit2.o(.ARM.Collect$$libinit$$00000001)
    __rt_lib_init_alloca_1                   0x080001db   Thumb Code     0  libinit2.o(.ARM.Collect$$libinit$$00000030)
    __rt_lib_init_argv_1                     0x080001db   Thumb Code     0  libinit2.o(.ARM.Collect$$libinit$$0000002E)
    __rt_lib_init_atexit_1                   0x080001db   Thumb Code     0  libinit2.o(.ARM.Collect$$libinit$$0000001D)
    __rt_lib_init_clock_1                    0x080001db   Thumb Code     0  libinit2.o(.ARM.Collect$$libinit$$00000023)
    __rt_lib_init_cpp_1                      0x080001db   Thumb Code     0  libinit2.o(.ARM.Collect$$libinit$$00000034)
    __rt_lib_init_exceptions_1               0x080001db   Thumb Code     0  libinit2.o(.ARM.Collect$$libinit$$00000032)
    __rt_lib_init_fp_trap_1                  0x080001db   Thumb Code     0  libinit2.o(.ARM.Collect$$libinit$$00000021)
    __rt_lib_init_getenv_1                   0x080001db   Thumb Code     0  libinit2.o(.ARM.Collect$$libinit$$00000025)
    __rt_lib_init_heap_1                     0x080001db   Thumb Code     0  libinit2.o(.ARM.Collect$$libinit$$0000000C)
    __rt_lib_init_lc_collate_1               0x080001db   Thumb Code     0  libinit2.o(.ARM.Collect$$libinit$$00000013)
    __rt_lib_init_lc_ctype_1                 0x080001db   Thumb Code     0  libinit2.o(.ARM.Collect$$libinit$$00000015)
    __rt_lib_init_lc_monetary_1              0x080001db   Thumb Code     0  libinit2.o(.ARM.Collect$$libinit$$00000017)
    __rt_lib_init_lc_numeric_1               0x080001db   Thumb Code     0  libinit2.o(.ARM.Collect$$libinit$$00000019)
    __rt_lib_init_lc_time_1                  0x080001db   Thumb Code     0  libinit2.o(.ARM.Collect$$libinit$$0000001B)
    __rt_lib_init_preinit_1                  0x080001db   Thumb Code     0  libinit2.o(.ARM.Collect$$libinit$$00000006)
    __rt_lib_init_rand_1                     0x080001db   Thumb Code     0  libinit2.o(.ARM.Collect$$libinit$$00000010)
    __rt_lib_init_relocate_pie_1             0x080001db   Thumb Code     0  libinit2.o(.ARM.Collect$$libinit$$00000004)
    __rt_lib_init_return                     0x080001db   Thumb Code     0  libinit2.o(.ARM.Collect$$libinit$$00000035)
    __rt_lib_init_signal_1                   0x080001db   Thumb Code     0  libinit2.o(.ARM.Collect$$libinit$$0000001F)
    __rt_lib_init_stdio_1                    0x080001db   Thumb Code     0  libinit2.o(.ARM.Collect$$libinit$$00000027)
    __rt_lib_init_user_alloc_1               0x080001db   Thumb Code     0  libinit2.o(.ARM.Collect$$libinit$$0000000E)
    __rt_lib_shutdown                        0x080001dd   Thumb Code     0  libshutdown.o(.ARM.Collect$$libshutdown$$00000000)
    __rt_lib_shutdown_cpp_1                  0x080001df   Thumb Code     0  libshutdown2.o(.ARM.Collect$$libshutdown$$00000002)
    __rt_lib_shutdown_fp_trap_1              0x080001df   Thumb Code     0  libshutdown2.o(.ARM.Collect$$libshutdown$$00000007)
    __rt_lib_shutdown_heap_1                 0x080001df   Thumb Code     0  libshutdown2.o(.ARM.Collect$$libshutdown$$0000000F)
    __rt_lib_shutdown_return                 0x080001df   Thumb Code     0  libshutdown2.o(.ARM.Collect$$libshutdown$$00000010)
    __rt_lib_shutdown_signal_1               0x080001df   Thumb Code     0  libshutdown2.o(.ARM.Collect$$libshutdown$$0000000A)
    __rt_lib_shutdown_stdio_1                0x080001df   Thumb Code     0  libshutdown2.o(.ARM.Collect$$libshutdown$$00000004)
    __rt_lib_shutdown_user_alloc_1           0x080001df   Thumb Code     0  libshutdown2.o(.ARM.Collect$$libshutdown$$0000000C)
    __rt_entry                               0x080001e1   Thumb Code     0  __rtentry.o(.ARM.Collect$$rtentry$$00000000)
    __rt_entry_presh_1                       0x080001e1   Thumb Code     0  __rtentry2.o(.ARM.Collect$$rtentry$$00000002)
    __rt_entry_sh                            0x080001e1   Thumb Code     0  __rtentry4.o(.ARM.Collect$$rtentry$$00000004)
    __rt_entry_li                            0x080001e7   Thumb Code     0  __rtentry2.o(.ARM.Collect$$rtentry$$0000000A)
    __rt_entry_postsh_1                      0x080001e7   Thumb Code     0  __rtentry2.o(.ARM.Collect$$rtentry$$00000009)
    __rt_entry_main                          0x080001eb   Thumb Code     0  __rtentry2.o(.ARM.Collect$$rtentry$$0000000D)
    __rt_entry_postli_1                      0x080001eb   Thumb Code     0  __rtentry2.o(.ARM.Collect$$rtentry$$0000000C)
    __rt_exit                                0x080001f3   Thumb Code     0  rtexit.o(.ARM.Collect$$rtexit$$00000000)
    __rt_exit_ls                             0x080001f5   Thumb Code     0  rtexit2.o(.ARM.Collect$$rtexit$$00000003)
    __rt_exit_prels_1                        0x080001f5   Thumb Code     0  rtexit2.o(.ARM.Collect$$rtexit$$00000002)
    __rt_exit_exit                           0x080001f9   Thumb Code     0  rtexit2.o(.ARM.Collect$$rtexit$$00000004)
    Reset_Handler                            0x08000201   Thumb Code     8  startup_gd32f30x_cl.o(.text)
    NMI_Handler                              0x08000209   Thumb Code     2  startup_gd32f30x_cl.o(.text)
    HardFault_Handler                        0x0800020b   Thumb Code     2  startup_gd32f30x_cl.o(.text)
    MemManage_Handler                        0x0800020d   Thumb Code     2  startup_gd32f30x_cl.o(.text)
    BusFault_Handler                         0x0800020f   Thumb Code     2  startup_gd32f30x_cl.o(.text)
    UsageFault_Handler                       0x08000211   Thumb Code     2  startup_gd32f30x_cl.o(.text)
    DebugMon_Handler                         0x08000215   Thumb Code     2  startup_gd32f30x_cl.o(.text)
    ADC0_1_IRQHandler                        0x0800021b   Thumb Code     0  startup_gd32f30x_cl.o(.text)
    CAN0_EWMC_IRQHandler                     0x0800021b   Thumb Code     0  startup_gd32f30x_cl.o(.text)
    CAN0_RX0_IRQHandler                      0x0800021b   Thumb Code     0  startup_gd32f30x_cl.o(.text)
    CAN0_RX1_IRQHandler                      0x0800021b   Thumb Code     0  startup_gd32f30x_cl.o(.text)
    CAN0_TX_IRQHandler                       0x0800021b   Thumb Code     0  startup_gd32f30x_cl.o(.text)
    CAN1_EWMC_IRQHandler                     0x0800021b   Thumb Code     0  startup_gd32f30x_cl.o(.text)
    CAN1_RX0_IRQHandler                      0x0800021b   Thumb Code     0  startup_gd32f30x_cl.o(.text)
    CAN1_RX1_IRQHandler                      0x0800021b   Thumb Code     0  startup_gd32f30x_cl.o(.text)
    CAN1_TX_IRQHandler                       0x0800021b   Thumb Code     0  startup_gd32f30x_cl.o(.text)
    DMA0_Channel0_IRQHandler                 0x0800021b   Thumb Code     0  startup_gd32f30x_cl.o(.text)
    DMA0_Channel1_IRQHandler                 0x0800021b   Thumb Code     0  startup_gd32f30x_cl.o(.text)
    DMA0_Channel2_IRQHandler                 0x0800021b   Thumb Code     0  startup_gd32f30x_cl.o(.text)
    DMA0_Channel3_IRQHandler                 0x0800021b   Thumb Code     0  startup_gd32f30x_cl.o(.text)
    DMA0_Channel4_IRQHandler                 0x0800021b   Thumb Code     0  startup_gd32f30x_cl.o(.text)
    DMA0_Channel5_IRQHandler                 0x0800021b   Thumb Code     0  startup_gd32f30x_cl.o(.text)
    DMA0_Channel6_IRQHandler                 0x0800021b   Thumb Code     0  startup_gd32f30x_cl.o(.text)
    DMA1_Channel0_IRQHandler                 0x0800021b   Thumb Code     0  startup_gd32f30x_cl.o(.text)
    DMA1_Channel1_IRQHandler                 0x0800021b   Thumb Code     0  startup_gd32f30x_cl.o(.text)
    DMA1_Channel2_IRQHandler                 0x0800021b   Thumb Code     0  startup_gd32f30x_cl.o(.text)
    DMA1_Channel3_IRQHandler                 0x0800021b   Thumb Code     0  startup_gd32f30x_cl.o(.text)
    DMA1_Channel4_IRQHandler                 0x0800021b   Thumb Code     0  startup_gd32f30x_cl.o(.text)
    ENET_IRQHandler                          0x0800021b   Thumb Code     0  startup_gd32f30x_cl.o(.text)
    ENET_WKUP_IRQHandler                     0x0800021b   Thumb Code     0  startup_gd32f30x_cl.o(.text)
    EXMC_IRQHandler                          0x0800021b   Thumb Code     0  startup_gd32f30x_cl.o(.text)
    EXTI0_IRQHandler                         0x0800021b   Thumb Code     0  startup_gd32f30x_cl.o(.text)
    EXTI10_15_IRQHandler                     0x0800021b   Thumb Code     0  startup_gd32f30x_cl.o(.text)
    EXTI1_IRQHandler                         0x0800021b   Thumb Code     0  startup_gd32f30x_cl.o(.text)
    EXTI2_IRQHandler                         0x0800021b   Thumb Code     0  startup_gd32f30x_cl.o(.text)
    EXTI3_IRQHandler                         0x0800021b   Thumb Code     0  startup_gd32f30x_cl.o(.text)
    EXTI4_IRQHandler                         0x0800021b   Thumb Code     0  startup_gd32f30x_cl.o(.text)
    EXTI5_9_IRQHandler                       0x0800021b   Thumb Code     0  startup_gd32f30x_cl.o(.text)
    FMC_IRQHandler                           0x0800021b   Thumb Code     0  startup_gd32f30x_cl.o(.text)
    I2C0_ER_IRQHandler                       0x0800021b   Thumb Code     0  startup_gd32f30x_cl.o(.text)
    I2C0_EV_IRQHandler                       0x0800021b   Thumb Code     0  startup_gd32f30x_cl.o(.text)
    I2C1_ER_IRQHandler                       0x0800021b   Thumb Code     0  startup_gd32f30x_cl.o(.text)
    I2C1_EV_IRQHandler                       0x0800021b   Thumb Code     0  startup_gd32f30x_cl.o(.text)
    LVD_IRQHandler                           0x0800021b   Thumb Code     0  startup_gd32f30x_cl.o(.text)
    RCU_CTC_IRQHandler                       0x0800021b   Thumb Code     0  startup_gd32f30x_cl.o(.text)
    RTC_Alarm_IRQHandler                     0x0800021b   Thumb Code     0  startup_gd32f30x_cl.o(.text)
    RTC_IRQHandler                           0x0800021b   Thumb Code     0  startup_gd32f30x_cl.o(.text)
    SPI0_IRQHandler                          0x0800021b   Thumb Code     0  startup_gd32f30x_cl.o(.text)
    SPI1_IRQHandler                          0x0800021b   Thumb Code     0  startup_gd32f30x_cl.o(.text)
    SPI2_IRQHandler                          0x0800021b   Thumb Code     0  startup_gd32f30x_cl.o(.text)
    TAMPER_IRQHandler                        0x0800021b   Thumb Code     0  startup_gd32f30x_cl.o(.text)
    TIMER0_BRK_TIMER8_IRQHandler             0x0800021b   Thumb Code     0  startup_gd32f30x_cl.o(.text)
    TIMER0_Channel_IRQHandler                0x0800021b   Thumb Code     0  startup_gd32f30x_cl.o(.text)
    TIMER0_TRG_CMT_TIMER10_IRQHandler        0x0800021b   Thumb Code     0  startup_gd32f30x_cl.o(.text)
    TIMER0_UP_TIMER9_IRQHandler              0x0800021b   Thumb Code     0  startup_gd32f30x_cl.o(.text)
    TIMER1_IRQHandler                        0x0800021b   Thumb Code     0  startup_gd32f30x_cl.o(.text)
    TIMER2_IRQHandler                        0x0800021b   Thumb Code     0  startup_gd32f30x_cl.o(.text)
    TIMER3_IRQHandler                        0x0800021b   Thumb Code     0  startup_gd32f30x_cl.o(.text)
    TIMER4_IRQHandler                        0x0800021b   Thumb Code     0  startup_gd32f30x_cl.o(.text)
    TIMER5_IRQHandler                        0x0800021b   Thumb Code     0  startup_gd32f30x_cl.o(.text)
    TIMER6_IRQHandler                        0x0800021b   Thumb Code     0  startup_gd32f30x_cl.o(.text)
    TIMER7_BRK_TIMER11_IRQHandler            0x0800021b   Thumb Code     0  startup_gd32f30x_cl.o(.text)
    TIMER7_Channel_IRQHandler                0x0800021b   Thumb Code     0  startup_gd32f30x_cl.o(.text)
    TIMER7_TRG_CMT_TIMER13_IRQHandler        0x0800021b   Thumb Code     0  startup_gd32f30x_cl.o(.text)
    TIMER7_UP_TIMER12_IRQHandler             0x0800021b   Thumb Code     0  startup_gd32f30x_cl.o(.text)
    UART3_IRQHandler                         0x0800021b   Thumb Code     0  startup_gd32f30x_cl.o(.text)
    UART4_IRQHandler                         0x0800021b   Thumb Code     0  startup_gd32f30x_cl.o(.text)
    USART0_IRQHandler                        0x0800021b   Thumb Code     0  startup_gd32f30x_cl.o(.text)
    USART1_IRQHandler                        0x0800021b   Thumb Code     0  startup_gd32f30x_cl.o(.text)
    USART2_IRQHandler                        0x0800021b   Thumb Code     0  startup_gd32f30x_cl.o(.text)
    USBFS_IRQHandler                         0x0800021b   Thumb Code     0  startup_gd32f30x_cl.o(.text)
    USBFS_WKUP_IRQHandler                    0x0800021b   Thumb Code     0  startup_gd32f30x_cl.o(.text)
    WWDGT_IRQHandler                         0x0800021b   Thumb Code     0  startup_gd32f30x_cl.o(.text)
    __user_initial_stackheap                 0x0800021d   Thumb Code    10  startup_gd32f30x_cl.o(.text)
    __use_two_region_memory                  0x08000241   Thumb Code     2  heapauxi.o(.text)
    __rt_heap_escrow$2region                 0x08000243   Thumb Code     2  heapauxi.o(.text)
    __rt_heap_expand$2region                 0x08000245   Thumb Code     2  heapauxi.o(.text)
    __user_setup_stackheap                   0x08000247   Thumb Code    74  sys_stackheap_outer.o(.text)
    exit                                     0x08000291   Thumb Code    18  exit.o(.text)
    __user_libspace                          0x080002a5   Thumb Code     8  libspace.o(.text)
    __user_perproc_libspace                  0x080002a5   Thumb Code     0  libspace.o(.text)
    __user_perthread_libspace                0x080002a5   Thumb Code     0  libspace.o(.text)
    _sys_exit                                0x080002ad   Thumb Code     8  sys_exit.o(.text)
    __I$use$semihosting                      0x080002b9   Thumb Code     0  use_no_semi.o(.text)
    __use_no_semihosting_swi                 0x080002b9   Thumb Code     2  use_no_semi.o(.text)
    __semihosting_library_function           0x080002bb   Thumb Code     0  indicate_semi.o(.text)
    PendSV_Handler                           0x080002c1   Thumb Code   100  port.o(.text.PendSV_Handler)
    SVC_Handler                              0x08000331   Thumb Code    36  port.o(.text.SVC_Handler)
    SysTick_Handler                          0x08000355   Thumb Code    46  port.o(.text.SysTick_Handler)
    SystemInit                               0x08000385   Thumb Code   652  system_gd32f30x.o(.text.SystemInit)
    main                                     0x08000611   Thumb Code     2  main.o(.text.main)
    vTaskSwitchContext                       0x08000615   Thumb Code   124  tasks.o(.text.vTaskSwitchContext)
    xTaskIncrementTick                       0x08000691   Thumb Code   402  tasks.o(.text.xTaskIncrementTick)
    _fp_init                                 0x08000823   Thumb Code    26  fpinit.o(x$fpl$fpinit)
    __fplib_config_fpu_vfp                   0x0800083b   Thumb Code     0  fpinit.o(x$fpl$fpinit)
    __fplib_config_pureend_doubles           0x0800083b   Thumb Code     0  fpinit.o(x$fpl$fpinit)
    Region$$Table$$Base                      0x0800083c   Number         0  anon$$obj.o(Region$$Table)
    Region$$Table$$Limit                     0x0800084c   Number         0  anon$$obj.o(Region$$Table)
    __libspace_start                         0x20000000   Data          96  libspace.o(.bss)
    __temporary_stack_top$libspace           0x20000060   Data           0  libspace.o(.bss)
    pxCurrentTCB                             0x20000060   Data           4  tasks.o(.bss.pxCurrentTCB)



==============================================================================

Memory Map of the image

  Image Entry point : 0x08000151

  Load Region LR_IROM1 (Base: 0x08000000, Size: 0x0000084c, Max: 0x00100000, ABSOLUTE)

    Execution Region ER_IROM1 (Exec base: 0x08000000, Load base: 0x08000000, Size: 0x0000084c, Max: 0x00100000, ABSOLUTE)

    Exec Addr    Load Addr    Size         Type   Attr      Idx    E Section Name        Object

    0x08000000   0x08000000   0x00000150   Data   RO         2091    RESET               startup_gd32f30x_cl.o
    0x08000150   0x08000150   0x00000008   Code   RO         2127  * !!!main             c_w.l(__main.o)
    0x08000158   0x08000158   0x0000005c   Code   RO         2304    !!!scatter          c_w.l(__scatter.o)
    0x080001b4   0x080001b4   0x00000002   Code   RO         2305    !!handler_null      c_w.l(__scatter.o)
    0x080001b6   0x080001b6   0x00000002   PAD
    0x080001b8   0x080001b8   0x0000001c   Code   RO         2308    !!handler_zi        c_w.l(__scatter_zi.o)
    0x080001d4   0x080001d4   0x00000002   Code   RO         2166    .ARM.Collect$$libinit$$00000000  c_w.l(libinit.o)
    0x080001d6   0x080001d6   0x00000004   Code   RO         2178    .ARM.Collect$$libinit$$00000001  c_w.l(libinit2.o)
    0x080001da   0x080001da   0x00000000   Code   RO         2181    .ARM.Collect$$libinit$$00000004  c_w.l(libinit2.o)
    0x080001da   0x080001da   0x00000000   Code   RO         2183    .ARM.Collect$$libinit$$00000006  c_w.l(libinit2.o)
    0x080001da   0x080001da   0x00000000   Code   RO         2186    .ARM.Collect$$libinit$$0000000C  c_w.l(libinit2.o)
    0x080001da   0x080001da   0x00000000   Code   RO         2188    .ARM.Collect$$libinit$$0000000E  c_w.l(libinit2.o)
    0x080001da   0x080001da   0x00000000   Code   RO         2190    .ARM.Collect$$libinit$$00000010  c_w.l(libinit2.o)
    0x080001da   0x080001da   0x00000000   Code   RO         2193    .ARM.Collect$$libinit$$00000013  c_w.l(libinit2.o)
    0x080001da   0x080001da   0x00000000   Code   RO         2195    .ARM.Collect$$libinit$$00000015  c_w.l(libinit2.o)
    0x080001da   0x080001da   0x00000000   Code   RO         2197    .ARM.Collect$$libinit$$00000017  c_w.l(libinit2.o)
    0x080001da   0x080001da   0x00000000   Code   RO         2199    .ARM.Collect$$libinit$$00000019  c_w.l(libinit2.o)
    0x080001da   0x080001da   0x00000000   Code   RO         2201    .ARM.Collect$$libinit$$0000001B  c_w.l(libinit2.o)
    0x080001da   0x080001da   0x00000000   Code   RO         2203    .ARM.Collect$$libinit$$0000001D  c_w.l(libinit2.o)
    0x080001da   0x080001da   0x00000000   Code   RO         2205    .ARM.Collect$$libinit$$0000001F  c_w.l(libinit2.o)
    0x080001da   0x080001da   0x00000000   Code   RO         2207    .ARM.Collect$$libinit$$00000021  c_w.l(libinit2.o)
    0x080001da   0x080001da   0x00000000   Code   RO         2209    .ARM.Collect$$libinit$$00000023  c_w.l(libinit2.o)
    0x080001da   0x080001da   0x00000000   Code   RO         2211    .ARM.Collect$$libinit$$00000025  c_w.l(libinit2.o)
    0x080001da   0x080001da   0x00000000   Code   RO         2213    .ARM.Collect$$libinit$$00000027  c_w.l(libinit2.o)
    0x080001da   0x080001da   0x00000000   Code   RO         2217    .ARM.Collect$$libinit$$0000002E  c_w.l(libinit2.o)
    0x080001da   0x080001da   0x00000000   Code   RO         2219    .ARM.Collect$$libinit$$00000030  c_w.l(libinit2.o)
    0x080001da   0x080001da   0x00000000   Code   RO         2221    .ARM.Collect$$libinit$$00000032  c_w.l(libinit2.o)
    0x080001da   0x080001da   0x00000000   Code   RO         2223    .ARM.Collect$$libinit$$00000034  c_w.l(libinit2.o)
    0x080001da   0x080001da   0x00000002   Code   RO         2224    .ARM.Collect$$libinit$$00000035  c_w.l(libinit2.o)
    0x080001dc   0x080001dc   0x00000002   Code   RO         2259    .ARM.Collect$$libshutdown$$00000000  c_w.l(libshutdown.o)
    0x080001de   0x080001de   0x00000000   Code   RO         2287    .ARM.Collect$$libshutdown$$00000002  c_w.l(libshutdown2.o)
    0x080001de   0x080001de   0x00000000   Code   RO         2289    .ARM.Collect$$libshutdown$$00000004  c_w.l(libshutdown2.o)
    0x080001de   0x080001de   0x00000000   Code   RO         2292    .ARM.Collect$$libshutdown$$00000007  c_w.l(libshutdown2.o)
    0x080001de   0x080001de   0x00000000   Code   RO         2295    .ARM.Collect$$libshutdown$$0000000A  c_w.l(libshutdown2.o)
    0x080001de   0x080001de   0x00000000   Code   RO         2297    .ARM.Collect$$libshutdown$$0000000C  c_w.l(libshutdown2.o)
    0x080001de   0x080001de   0x00000000   Code   RO         2300    .ARM.Collect$$libshutdown$$0000000F  c_w.l(libshutdown2.o)
    0x080001de   0x080001de   0x00000002   Code   RO         2301    .ARM.Collect$$libshutdown$$00000010  c_w.l(libshutdown2.o)
    0x080001e0   0x080001e0   0x00000000   Code   RO         2129    .ARM.Collect$$rtentry$$00000000  c_w.l(__rtentry.o)
    0x080001e0   0x080001e0   0x00000000   Code   RO         2137    .ARM.Collect$$rtentry$$00000002  c_w.l(__rtentry2.o)
    0x080001e0   0x080001e0   0x00000006   Code   RO         2149    .ARM.Collect$$rtentry$$00000004  c_w.l(__rtentry4.o)
    0x080001e6   0x080001e6   0x00000000   Code   RO         2139    .ARM.Collect$$rtentry$$00000009  c_w.l(__rtentry2.o)
    0x080001e6   0x080001e6   0x00000004   Code   RO         2140    .ARM.Collect$$rtentry$$0000000A  c_w.l(__rtentry2.o)
    0x080001ea   0x080001ea   0x00000000   Code   RO         2142    .ARM.Collect$$rtentry$$0000000C  c_w.l(__rtentry2.o)
    0x080001ea   0x080001ea   0x00000008   Code   RO         2143    .ARM.Collect$$rtentry$$0000000D  c_w.l(__rtentry2.o)
    0x080001f2   0x080001f2   0x00000002   Code   RO         2170    .ARM.Collect$$rtexit$$00000000  c_w.l(rtexit.o)
    0x080001f4   0x080001f4   0x00000000   Code   RO         2230    .ARM.Collect$$rtexit$$00000002  c_w.l(rtexit2.o)
    0x080001f4   0x080001f4   0x00000004   Code   RO         2231    .ARM.Collect$$rtexit$$00000003  c_w.l(rtexit2.o)
    0x080001f8   0x080001f8   0x00000006   Code   RO         2232    .ARM.Collect$$rtexit$$00000004  c_w.l(rtexit2.o)
    0x080001fe   0x080001fe   0x00000002   PAD
    0x08000200   0x08000200   0x00000040   Code   RO         2092    .text               startup_gd32f30x_cl.o
    0x08000240   0x08000240   0x00000006   Code   RO         2125    .text               c_w.l(heapauxi.o)
    0x08000246   0x08000246   0x0000004a   Code   RO         2153    .text               c_w.l(sys_stackheap_outer.o)
    0x08000290   0x08000290   0x00000012   Code   RO         2155    .text               c_w.l(exit.o)
    0x080002a2   0x080002a2   0x00000002   PAD
    0x080002a4   0x080002a4   0x00000008   Code   RO         2167    .text               c_w.l(libspace.o)
    0x080002ac   0x080002ac   0x0000000c   Code   RO         2225    .text               c_w.l(sys_exit.o)
    0x080002b8   0x080002b8   0x00000002   Code   RO         2248    .text               c_w.l(use_no_semi.o)
    0x080002ba   0x080002ba   0x00000000   Code   RO         2250    .text               c_w.l(indicate_semi.o)
    0x080002ba   0x080002ba   0x00000006   PAD
    0x080002c0   0x080002c0   0x00000064   Code   RO          467    .text.PendSV_Handler  port.o
    0x08000324   0x08000324   0x0000000c   PAD
    0x08000330   0x08000330   0x00000024   Code   RO          451    .text.SVC_Handler   port.o
    0x08000354   0x08000354   0x0000002e   Code   RO          469    .text.SysTick_Handler  port.o
    0x08000382   0x08000382   0x00000002   PAD
    0x08000384   0x08000384   0x0000028c   Code   RO         2099    .text.SystemInit    system_gd32f30x.o
    0x08000610   0x08000610   0x00000002   Code   RO            2    .text.main          main.o
    0x08000612   0x08000612   0x00000002   PAD
    0x08000614   0x08000614   0x0000007c   Code   RO          216    .text.vTaskSwitchContext  tasks.o
    0x08000690   0x08000690   0x00000192   Code   RO          228    .text.xTaskIncrementTick  tasks.o
    0x08000822   0x08000822   0x0000001a   Code   RO         2242    x$fpl$fpinit        fz_wm.l(fpinit.o)
    0x0800083c   0x0800083c   0x00000010   Data   RO         2303    Region$$Table       anon$$obj.o


    Execution Region RW_IRAM1 (Exec base: 0x20000000, Load base: 0x0800084c, Size: 0x00000918, Max: 0x00018000, ABSOLUTE)

    Exec Addr    Load Addr    Size         Type   Attr      Idx    E Section Name        Object

    0x20000000        -       0x00000060   Zero   RW         2168    .bss                c_w.l(libspace.o)
    0x20000060        -       0x00000004   Zero   RW          320    .bss.pxCurrentTCB   tasks.o
    0x20000064        -       0x00000004   Zero   RW          327    .bss.pxDelayedTaskList  tasks.o
    0x20000068        -       0x00000004   Zero   RW          328    .bss.pxOverflowDelayedTaskList  tasks.o
    0x2000006c        -       0x0000008c   Zero   RW          331    .bss.pxReadyTasksLists  tasks.o
    0x200000f8        -       0x00000004   Zero   RW          333    .bss.uxSchedulerSuspended  tasks.o
    0x200000fc        -       0x00000004   Zero   RW          332    .bss.uxTopReadyPriority  tasks.o
    0x20000100        -       0x00000004   Zero   RW          335    .bss.xNextTaskUnblockTime  tasks.o
    0x20000104        -       0x00000004   Zero   RW          339    .bss.xNumOfOverflows  tasks.o
    0x20000108        -       0x00000004   Zero   RW          338    .bss.xPendedTicks   tasks.o
    0x2000010c        -       0x00000004   Zero   RW          326    .bss.xTickCount     tasks.o
    0x20000110        -       0x00000004   Zero   RW          334    .bss.xYieldPendings  tasks.o
    0x20000114   0x0800084c   0x00000004   PAD
    0x20000118        -       0x00000400   Zero   RW         2090    HEAP                startup_gd32f30x_cl.o
    0x20000518        -       0x00000400   Zero   RW         2089    STACK               startup_gd32f30x_cl.o


==============================================================================

Image component sizes


      Code (inc. data)   RO Data    RW Data    ZI Data      Debug   Object Name

         2          0          0          0          0        348   main.o
       182          8          0          0          0       4106   port.o
        64         26        336          0       2048        912   startup_gd32f30x_cl.o
       652          0          0          0          0       3148   system_gd32f30x.o
       526          0          0          0        180      40282   tasks.o

    ----------------------------------------------------------------------
      1442         46        352          0       2232      48796   Object Totals
         0          0         16          0          0          0   (incl. Generated)
        16         12          0          0          4          0   (incl. Padding)

    ----------------------------------------------------------------------

      Code (inc. data)   RO Data    RW Data    ZI Data      Debug   Library Member Name

         8          0          0          0          0         68   __main.o
         0          0          0          0          0          0   __rtentry.o
        12          0          0          0          0          0   __rtentry2.o
         6          0          0          0          0          0   __rtentry4.o
        94          8          0          0          0          0   __scatter.o
        28          0          0          0          0          0   __scatter_zi.o
        18          0          0          0          0         80   exit.o
         6          0          0          0          0        152   heapauxi.o
         0          0          0          0          0          0   indicate_semi.o
         2          0          0          0          0          0   libinit.o
         6          0          0          0          0          0   libinit2.o
         2          0          0          0          0          0   libshutdown.o
         2          0          0          0          0          0   libshutdown2.o
         8          4          0          0         96         68   libspace.o
         2          0          0          0          0          0   rtexit.o
        10          0          0          0          0          0   rtexit2.o
        12          4          0          0          0         68   sys_exit.o
        74          0          0          0          0         80   sys_stackheap_outer.o
         2          0          0          0          0         68   use_no_semi.o
        26          0          0          0          0        116   fpinit.o

    ----------------------------------------------------------------------
       330         16          0          0         96        700   Library Totals
        12          0          0          0          0          0   (incl. Padding)

    ----------------------------------------------------------------------

      Code (inc. data)   RO Data    RW Data    ZI Data      Debug   Library Name

       292         16          0          0         96        584   c_w.l
        26          0          0          0          0        116   fz_wm.l

    ----------------------------------------------------------------------
       330         16          0          0         96        700   Library Totals

    ----------------------------------------------------------------------

==============================================================================


      Code (inc. data)   RO Data    RW Data    ZI Data      Debug   

      1772         62        352          0       2328      49280   Grand Totals
      1772         62        352          0       2328      49280   ELF Image Totals
      1772         62        352          0          0          0   ROM Totals

==============================================================================

    Total RO  Size (Code + RO Data)                 2124 (   2.07kB)
    Total RW  Size (RW Data + ZI Data)              2328 (   2.27kB)
    Total ROM Size (Code + RO Data + RW Data)       2124 (   2.07kB)

==============================================================================

